{
    "default": {
        "content": [
            {
                "reports": [
                    [
                        {
                            "id": "test"
                        },
                        "test.mosdepth.global.dist.txt:md5,da4f2a9da24de7763247444ed9fc6d53"
                    ],
                    [
                        {
                            "id": "test"
                        },
                        "test.mosdepth.region.dist.txt:md5,da4f2a9da24de7763247444ed9fc6d53"
                    ],
                    [
                        {
                            "id": "test"
                        },
                        "test.stats:md5,13ee764abb56671d40202f7a13141e2a"
                    ]
                ]
            }
        ],
        "meta": {
            "nf-test": "0.9.3",
            "nextflow": "25.10.2"
        },
        "timestamp": "2026-01-09T14:01:59.558585361"
    }
}