{
    "bam - no stats": {
        "content": [
            {
                "bam": [
                    [
                        "test.recal.bam:md5sum,22e22cd4b7da6967236f1c83277ea7e3",
                        "test.recal.bam.bai"
                    ]
                ]
            }
        ],
        "timestamp": "2026-02-06T12:42:49.459717276",
        "meta": {
            "nf-test": "0.9.3",
            "nextflow": "25.10.3"
        }
    },
    "bam - stats": {
        "content": [
            {
                "bam": [
                    [
                        "test.recal.bam:md5sum,22e22cd4b7da6967236f1c83277ea7e3",
                        "test.recal.bam.bai"
                    ]
                ]
            }
        ],
        "timestamp": "2026-02-06T12:42:26.3702006",
        "meta": {
            "nf-test": "0.9.3",
            "nextflow": "25.10.3"
        }
    }
}