{
    "bam - stats": {
        "content": [
            {
                "bam": [
                    [
                        "test.recal.bam:md5sum,22e22cd4b7da6967236f1c83277ea7e3",
                        "test.recal.bam.bai"
                    ]
                ]
            },
            [
                [
                    {
                        "id": "test"
                    },
                    "GATK4_BASERECALIBRATOR",
                    "gatk4",
                    "test.table:md5,899ce64f93ad553251905d58412564d0"
                ],
                [
                    {
                        "id": "test"
                    },
                    "RECALIBRATE:BAM_STATS_SAMTOOLS:SAMTOOLS_FLAGSTAT",
                    "samtools",
                    "test.flagstat:md5,e6043ceb76066d54b76b4826b123aee4"
                ],
                [
                    {
                        "id": "test"
                    },
                    "RECALIBRATE:BAM_STATS_SAMTOOLS:SAMTOOLS_IDXSTATS",
                    "samtools",
                    "test.idxstats:md5,8e5968e48b5b9d524cbbc03922fea431"
                ],
                [
                    {
                        "id": "test"
                    },
                    "RECALIBRATE:BAM_STATS_SAMTOOLS:SAMTOOLS_STATS",
                    "samtools",
                    "test.stats:md5,67736e9a96dc06039ca4a2698d50f18f"
                ]
            ]
        ],
        "timestamp": "2026-08-13T17:56:11.992442801",
        "meta": {
            "nf-test": "0.9.5",
            "nextflow": "26.04.4"
        }
    }
}