{
    "-profile test --tools bcfann": {
        "content": [
            9,
            {
                "BCFTOOLS_ANNOTATE": {
                    "bcftools": 1.22
                },
                "GATK4_BEDTOINTERVALLIST": {
                    "gatk4": "4.6.2.0"
                },
                "GATK4_INTERVALLISTTOOLS": {
                    "gatk4": "4.6.2.0"
                },
                "GFFREAD": {
                    "gffread": "0.12.7"
                },
                "GTF2BED": {
                    "Rscript": "3.5.1 (2018-07-02)"
                },
                "REMOVE_UNKNOWN_REGIONS": {
                    "python": "3.8.3"
                },
                "SAMTOOLS_FAIDX": {
                    "samtools": "1.22.1"
                },
                "STAR_INDEXVERSION": {
                    "gawk": "5.1.0",
                    "samtools": 1.21,
                    "star": "2.7.11b"
                }
            },
            [
                "annotation",
                "annotation/test",
                "annotation/test/test_BCF.ann.vcf.gz",
                "pipeline_info",
                "pipeline_info/nf_core_rnavar_software_mqc_versions.yml",
                "reports",
                "reports/multiqc_data",
                "reports/multiqc_data/llms-full.txt",
                "reports/multiqc_data/multiqc.log",
                "reports/multiqc_data/multiqc.parquet",
                "reports/multiqc_data/multiqc_citations.txt",
                "reports/multiqc_data/multiqc_data.json",
                "reports/multiqc_data/multiqc_software_versions.txt",
                "reports/multiqc_data/multiqc_sources.txt",
                "reports/multiqc_report.html"
            ],
            [
                "multiqc_citations.txt:md5,4c806e63a283ec1b7e78cdae3a923d4f"
            ],
            "No BAM files",
            "No unstable recal BAM files",
            "No CRAM files",
            [
                "test_BCF.ann.vcf.gz:md5,bc7bf3ee9e8430e064c539eb81e59bf9"
            ],
            [
                "N E X T F L O W  ~  version [VERSION]",
                "Launching `[PATH]/tests/../main.nf` [RUN_NAME] DSL2 - revision: [REVISION]",
                "------------------------------------------------------",
                "                                        ,--./,-.",
                "        ___     __   __   __   ___     /,-._.--~'",
                "  |\\ | |__  __ /  ` /  \\ |__) |__         }  {",
                "  | \\| |       \\__, \\__/ |  \\ |___     \\`-._,-`-,",
                "                                        `._,._,'",
                "  nf-core/rnavar [VERSION]",
                "------------------------------------------------------",
                "Input/output options",
                "  input                     : [PATH]/./tests/csv/1.0/vcf.csv",
                "  outdir                    : [PATH]/tests/[NFT_HASH]/output",
                "  tools                     : bcfann",
                "Alignment options",
                "  star_index                : https://raw.githubusercontent.com/nf-core/test-datasets/rnavar/data//genomics/homo_sapiens/genome/index/star/star.tar.gz",
                "Variant filtering",
                "  gatk_vf_qd_filter         : 2.0",
                "  gatk_vf_fs_filter         : 30.0",
                "Variant Annotation",
                "  bcftools_annotations      : https://raw.githubusercontent.com/nf-core/test-datasets/modules/data//genomics/sarscov2/illumina/vcf/test2.vcf.gz",
                "  bcftools_annotations_tbi  : https://raw.githubusercontent.com/nf-core/test-datasets/modules/data//genomics/sarscov2/illumina/vcf/test2.vcf.gz.tbi",
                "  bcftools_header_lines     : [PATH]/tests/config/bcfann_test_header.txt",
                "General reference genome options",
                "  igenomes_base             : https://raw.githubusercontent.com/nf-core/test-datasets/rnavar/data/",
                "Reference genome options",
                "  genome                    : testdata.nf-core.rnavar",
                "  fasta                     : https://raw.githubusercontent.com/nf-core/test-datasets/rnavar/data//genomics/homo_sapiens/genome/genome.fasta",
                "  dict                      : https://raw.githubusercontent.com/nf-core/test-datasets/rnavar/data//genomics/homo_sapiens/genome/genome.dict",
                "  gff                       : https://raw.githubusercontent.com/nf-core/test-datasets/rnavar/data//genomics/homo_sapiens/genome/genome.gff3",
                "  known_indels              : https://raw.githubusercontent.com/nf-core/test-datasets/rnavar/data//genomics/homo_sapiens/genome/vcf/mills_and_1000G.indels.vcf.gz",
                "  known_indels_tbi          : https://raw.githubusercontent.com/nf-core/test-datasets/rnavar/data//genomics/homo_sapiens/genome/vcf/mills_and_1000G.indels.vcf.gz.tbi",
                "  dbsnp                     : https://raw.githubusercontent.com/nf-core/test-datasets/rnavar/data//genomics/homo_sapiens/genome/vcf/dbsnp_146.hg38.vcf.gz",
                "  dbsnp_tbi                 : https://raw.githubusercontent.com/nf-core/test-datasets/rnavar/data//genomics/homo_sapiens/genome/vcf/dbsnp_146.hg38.vcf.gz.tbi",
                "  snpeff_db                 : WBcel235.99",
                "  vep_genome                : WBcel235",
                "  vep_species               : caenorhabditis_elegans",
                "  vep_cache_version         : 115",
                "Institutional config options",
                "  config_profile_name       : Test profile",
                "  config_profile_description: Minimal test dataset to check pipeline function",
                "Generic options",
                "  trace_report_suffix       : [TIMESTAMP]",
                "Core Nextflow options",
                "  runName                   : [RUN_NAME]",
                "  launchDir                 : [PATH]/tests/[NFT_HASH]",
                "  workDir                   : [PATH]/tests/[NFT_HASH]/work",
                "  projectDir                : [PATH]",
                "  userName                  : [USER]",
                "  profile                   : test,[CONTAINER]",
                "  configFiles               : [PATH]/nextflow.config, [PATH]/nextflow.config, [PATH]/tests/nextflow.config",
                "!! Only displaying parameters that differ from the pipeline defaults !!",
                "------------------------------------------------------",
                "* The pipeline",
                "    https://doi.org/10.5281/zenodo.6669636",
                "* The nf-core framework",
                "    https://doi.org/10.1038/s41587-020-0439-x",
                "* Software dependencies",
                "    https://github.com/nf-core/rnavar/blob/master/CITATIONS.md",
                "[NXF_HASH] Submitted process > MULTIQC",
                "[NXF_HASH] Submitted process > NFCORE_RNAVAR:PREPARE_GENOME:GFFREAD (genome)",
                "[NXF_HASH] Submitted process > NFCORE_RNAVAR:PREPARE_GENOME:GTF2BED (genome.gtf)",
                "[NXF_HASH] Submitted process > NFCORE_RNAVAR:PREPARE_GENOME:REMOVE_UNKNOWN_REGIONS (genome)",
                "[NXF_HASH] Submitted process > NFCORE_RNAVAR:PREPARE_GENOME:SAMTOOLS_FAIDX (genome.fasta)",
                "[NXF_HASH] Submitted process > NFCORE_RNAVAR:PREPARE_GENOME:STAR_INDEXVERSION",
                "[NXF_HASH] Submitted process > NFCORE_RNAVAR:RNAVAR:GATK4_BEDTOINTERVALLIST (genome)",
                "[NXF_HASH] Submitted process > NFCORE_RNAVAR:RNAVAR:GATK4_INTERVALLISTTOOLS (genome)",
                "[NXF_HASH] Submitted process > NFCORE_RNAVAR:RNAVAR:VCF_ANNOTATE_ALL:BCFTOOLS_ANNOTATE (test)"
            ]
        ],
        "meta": {
            "nf-test": "0.9.3",
            "nextflow": "25.10.2"
        },
        "timestamp": "2025-12-11T12:35:41.832644726"
    },
    "-profile test --tools bcfann --bcftools_columns": {
        "content": [
            9,
            {
                "BCFTOOLS_ANNOTATE": {
                    "bcftools": 1.22
                },
                "GATK4_BEDTOINTERVALLIST": {
                    "gatk4": "4.6.2.0"
                },
                "GATK4_INTERVALLISTTOOLS": {
                    "gatk4": "4.6.2.0"
                },
                "GFFREAD": {
                    "gffread": "0.12.7"
                },
                "GTF2BED": {
                    "Rscript": "3.5.1 (2018-07-02)"
                },
                "REMOVE_UNKNOWN_REGIONS": {
                    "python": "3.8.3"
                },
                "SAMTOOLS_FAIDX": {
                    "samtools": "1.22.1"
                },
                "STAR_INDEXVERSION": {
                    "gawk": "5.1.0",
                    "samtools": 1.21,
                    "star": "2.7.11b"
                }
            },
            [
                "annotation",
                "annotation/test",
                "annotation/test/test_BCF.ann.vcf.gz",
                "pipeline_info",
                "pipeline_info/nf_core_rnavar_software_mqc_versions.yml",
                "reports",
                "reports/multiqc_data",
                "reports/multiqc_data/llms-full.txt",
                "reports/multiqc_data/multiqc.log",
                "reports/multiqc_data/multiqc.parquet",
                "reports/multiqc_data/multiqc_citations.txt",
                "reports/multiqc_data/multiqc_data.json",
                "reports/multiqc_data/multiqc_software_versions.txt",
                "reports/multiqc_data/multiqc_sources.txt",
                "reports/multiqc_report.html"
            ],
            [
                "multiqc_citations.txt:md5,4c806e63a283ec1b7e78cdae3a923d4f"
            ],
            "No BAM files",
            "No unstable recal BAM files",
            "No CRAM files",
            [
                "test_BCF.ann.vcf.gz:md5,bc7bf3ee9e8430e064c539eb81e59bf9"
            ],
            [
                "N E X T F L O W  ~  version [VERSION]",
                "Launching `[PATH]/tests/../main.nf` [RUN_NAME] DSL2 - revision: [REVISION]",
                "------------------------------------------------------",
                "                                        ,--./,-.",
                "        ___     __   __   __   ___     /,-._.--~'",
                "  |\\ | |__  __ /  ` /  \\ |__) |__         }  {",
                "  | \\| |       \\__, \\__/ |  \\ |___     \\`-._,-`-,",
                "                                        `._,._,'",
                "  nf-core/rnavar [VERSION]",
                "------------------------------------------------------",
                "Input/output options",
                "  input                     : [PATH]/./tests/csv/1.0/vcf.csv",
                "  outdir                    : [PATH]/tests/[NFT_HASH]/output",
                "  tools                     : bcfann",
                "Alignment options",
                "  star_index                : https://raw.githubusercontent.com/nf-core/test-datasets/rnavar/data//genomics/homo_sapiens/genome/index/star/star.tar.gz",
                "Variant filtering",
                "  gatk_vf_qd_filter         : 2.0",
                "  gatk_vf_fs_filter         : 30.0",
                "Variant Annotation",
                "  bcftools_annotations      : https://raw.githubusercontent.com/nf-core/test-datasets/modules/data//genomics/sarscov2/illumina/vcf/test2.vcf.gz",
                "  bcftools_annotations_tbi  : https://raw.githubusercontent.com/nf-core/test-datasets/modules/data//genomics/sarscov2/illumina/vcf/test2.vcf.gz.tbi",
                "  bcftools_columns          : [PATH]/./tests/config/bcfann_test_columns.txt",
                "  bcftools_header_lines     : [PATH]/tests/config/bcfann_test_header.txt",
                "General reference genome options",
                "  igenomes_base             : https://raw.githubusercontent.com/nf-core/test-datasets/rnavar/data/",
                "Reference genome options",
                "  genome                    : testdata.nf-core.rnavar",
                "  fasta                     : https://raw.githubusercontent.com/nf-core/test-datasets/rnavar/data//genomics/homo_sapiens/genome/genome.fasta",
                "  dict                      : https://raw.githubusercontent.com/nf-core/test-datasets/rnavar/data//genomics/homo_sapiens/genome/genome.dict",
                "  gff                       : https://raw.githubusercontent.com/nf-core/test-datasets/rnavar/data//genomics/homo_sapiens/genome/genome.gff3",
                "  known_indels              : https://raw.githubusercontent.com/nf-core/test-datasets/rnavar/data//genomics/homo_sapiens/genome/vcf/mills_and_1000G.indels.vcf.gz",
                "  known_indels_tbi          : https://raw.githubusercontent.com/nf-core/test-datasets/rnavar/data//genomics/homo_sapiens/genome/vcf/mills_and_1000G.indels.vcf.gz.tbi",
                "  dbsnp                     : https://raw.githubusercontent.com/nf-core/test-datasets/rnavar/data//genomics/homo_sapiens/genome/vcf/dbsnp_146.hg38.vcf.gz",
                "  dbsnp_tbi                 : https://raw.githubusercontent.com/nf-core/test-datasets/rnavar/data//genomics/homo_sapiens/genome/vcf/dbsnp_146.hg38.vcf.gz.tbi",
                "  snpeff_db                 : WBcel235.99",
                "  vep_genome                : WBcel235",
                "  vep_species               : caenorhabditis_elegans",
                "  vep_cache_version         : 115",
                "Institutional config options",
                "  config_profile_name       : Test profile",
                "  config_profile_description: Minimal test dataset to check pipeline function",
                "Generic options",
                "  trace_report_suffix       : [TIMESTAMP]",
                "Core Nextflow options",
                "  runName                   : [RUN_NAME]",
                "  launchDir                 : [PATH]/tests/[NFT_HASH]",
                "  workDir                   : [PATH]/tests/[NFT_HASH]/work",
                "  projectDir                : [PATH]",
                "  userName                  : [USER]",
                "  profile                   : test,[CONTAINER]",
                "  configFiles               : [PATH]/nextflow.config, [PATH]/nextflow.config, [PATH]/tests/nextflow.config",
                "!! Only displaying parameters that differ from the pipeline defaults !!",
                "------------------------------------------------------",
                "* The pipeline",
                "    https://doi.org/10.5281/zenodo.6669636",
                "* The nf-core framework",
                "    https://doi.org/10.1038/s41587-020-0439-x",
                "* Software dependencies",
                "    https://github.com/nf-core/rnavar/blob/master/CITATIONS.md",
                "[NXF_HASH] Submitted process > MULTIQC",
                "[NXF_HASH] Submitted process > NFCORE_RNAVAR:PREPARE_GENOME:GFFREAD (genome)",
                "[NXF_HASH] Submitted process > NFCORE_RNAVAR:PREPARE_GENOME:GTF2BED (genome.gtf)",
                "[NXF_HASH] Submitted process > NFCORE_RNAVAR:PREPARE_GENOME:REMOVE_UNKNOWN_REGIONS (genome)",
                "[NXF_HASH] Submitted process > NFCORE_RNAVAR:PREPARE_GENOME:SAMTOOLS_FAIDX (genome.fasta)",
                "[NXF_HASH] Submitted process > NFCORE_RNAVAR:PREPARE_GENOME:STAR_INDEXVERSION",
                "[NXF_HASH] Submitted process > NFCORE_RNAVAR:RNAVAR:GATK4_BEDTOINTERVALLIST (genome)",
                "[NXF_HASH] Submitted process > NFCORE_RNAVAR:RNAVAR:GATK4_INTERVALLISTTOOLS (genome)",
                "[NXF_HASH] Submitted process > NFCORE_RNAVAR:RNAVAR:VCF_ANNOTATE_ALL:BCFTOOLS_ANNOTATE (test)"
            ]
        ],
        "meta": {
            "nf-test": "0.9.3",
            "nextflow": "25.10.2"
        },
        "timestamp": "2025-12-11T12:42:16.112803276"
    }
}