{
    "-profile test --tools vep --vep_cache_version 1": {
        "content": [
            [
                "pipeline_info"
            ],
            "No stable content",
            "No BAM files",
            "No unstable recal BAM files",
            "No CRAM files",
            "No VCF files",
            [
                "N E X T F L O W  ~  version [VERSION]",
                "Launching `[PATH]/tests/../main.nf` [RUN_NAME] DSL2 - revision: [REVISION]",
                "------------------------------------------------------",
                "                                        ,--./,-.",
                "        ___     __   __   __   ___     /,-._.--~'",
                "  |\\ | |__  __ /  ` /  \\ |__) |__         }  {",
                "  | \\| |       \\__, \\__/ |  \\ |___     \\`-._,-`-,",
                "                                        `._,._,'",
                "  nf-core/rnavar [VERSION]",
                "------------------------------------------------------",
                "Input/output options",
                "  input                     : [PATH]/./tests/csv/1.0/vcf.csv",
                "  outdir                    : [PATH]/tests/[NFT_HASH]/output",
                "  tools                     : vep",
                "Alignment options",
                "  star_index                : https://raw.githubusercontent.com/nf-core/test-datasets/rnavar/data//genomics/homo_sapiens/genome/index/star/star.tar.gz",
                "Variant filtering",
                "  gatk_vf_qd_filter         : 2.0",
                "  gatk_vf_fs_filter         : 30.0",
                "Variant Annotation",
                "  bcftools_annotations      : https://raw.githubusercontent.com/nf-core/test-datasets/modules/data//genomics/sarscov2/illumina/vcf/test2.vcf.gz",
                "  bcftools_annotations_tbi  : https://raw.githubusercontent.com/nf-core/test-datasets/modules/data//genomics/sarscov2/illumina/vcf/test2.vcf.gz.tbi",
                "  bcftools_header_lines     : [PATH]/tests/config/bcfann_test_header.txt",
                "General reference genome options",
                "  igenomes_base             : https://raw.githubusercontent.com/nf-core/test-datasets/rnavar/data/",
                "Reference genome options",
                "  genome                    : testdata.nf-core.rnavar",
                "  fasta                     : https://raw.githubusercontent.com/nf-core/test-datasets/rnavar/data//genomics/homo_sapiens/genome/genome.fasta",
                "  dict                      : https://raw.githubusercontent.com/nf-core/test-datasets/rnavar/data//genomics/homo_sapiens/genome/genome.dict",
                "  gff                       : https://raw.githubusercontent.com/nf-core/test-datasets/rnavar/data//genomics/homo_sapiens/genome/genome.gff3",
                "  known_indels              : https://raw.githubusercontent.com/nf-core/test-datasets/rnavar/data//genomics/homo_sapiens/genome/vcf/mills_and_1000G.indels.vcf.gz",
                "  known_indels_tbi          : https://raw.githubusercontent.com/nf-core/test-datasets/rnavar/data//genomics/homo_sapiens/genome/vcf/mills_and_1000G.indels.vcf.gz.tbi",
                "  dbsnp                     : https://raw.githubusercontent.com/nf-core/test-datasets/rnavar/data//genomics/homo_sapiens/genome/vcf/dbsnp_146.hg38.vcf.gz",
                "  dbsnp_tbi                 : https://raw.githubusercontent.com/nf-core/test-datasets/rnavar/data//genomics/homo_sapiens/genome/vcf/dbsnp_146.hg38.vcf.gz.tbi",
                "  snpeff_db                 : WBcel235.99",
                "  vep_genome                : WBcel235",
                "  vep_species               : caenorhabditis_elegans",
                "  vep_cache_version         : 1",
                "Institutional config options",
                "  config_profile_name       : Test profile",
                "  config_profile_description: Minimal test dataset to check pipeline function",
                "Generic options",
                "  trace_report_suffix       : [TIMESTAMP]",
                "Core Nextflow options",
                "  runName                   : [RUN_NAME]",
                "  launchDir                 : [PATH]/tests/[NFT_HASH]",
                "  workDir                   : [PATH]/tests/[NFT_HASH]/work",
                "  projectDir                : [PATH]",
                "  userName                  : [USER]",
                "  profile                   : test,[CONTAINER]",
                "  configFiles               : [PATH]/nextflow.config, [PATH]/nextflow.config, [PATH]/tests/nextflow.config",
                "!! Only displaying parameters that differ from the pipeline defaults !!",
                "------------------------------------------------------",
                "* The pipeline",
                "    https://doi.org/10.5281/zenodo.6669636",
                "* The nf-core framework",
                "    https://doi.org/10.1038/s41587-020-0439-x",
                "* Software dependencies",
                "    https://github.com/nf-core/rnavar/blob/master/CITATIONS.md",
                "This path is not available within annotation-cache.",
                "Please check https://annotation-cache.github.io/ to create a request for it."
            ]
        ],
        "meta": {
            "nf-test": "0.9.3",
            "nextflow": "25.10.2"
        },
        "timestamp": "2025-12-11T11:18:14.871714253"
    }
}