{
    "-profile test --input cram.csv": {
        "content": [
            27,
            {
                "APPLYBQSR": {
                    "gatk4": "4.6.1.0"
                },
                "GATK4_BASERECALIBRATOR": {
                    "gatk4": "4.6.1.0"
                },
                "GATK4_BEDTOINTERVALLIST": {
                    "gatk4": "4.6.1.0"
                },
                "GATK4_HAPLOTYPECALLER": {
                    "gatk4": "4.6.1.0"
                },
                "GATK4_INTERVALLISTTOOLS": {
                    "gatk4": "4.6.1.0"
                },
                "GATK4_MERGEVCFS": {
                    "gatk4": "4.6.1.0"
                },
                "GATK4_SPLITNCIGARREADS": {
                    "gatk4": "4.6.1.0"
                },
                "GATK4_VARIANTFILTRATION": {
                    "gatk4": "4.6.1.0"
                },
                "SAMTOOLS_INDEX": {
                    "samtools": 1.21
                },
                "SAMTOOLS_MERGE": {
                    "samtools": 1.21
                },
                "SAMTOOLS_STATS": {
                    "samtools": 1.21
                },
                "TABIX": {
                    "tabix": 1.2
                }
            },
            [
                "pipeline_info",
                "pipeline_info/nf_core_rnavar_software_mqc_versions.yml",
                "preprocessing",
                "preprocessing/GM12878",
                "preprocessing/GM12878/GM12878.recal.bam",
                "preprocessing/GM12878/GM12878.recal.bam.bai",
                "reports",
                "reports/multiqc_data",
                "reports/multiqc_data/multiqc.log",
                "reports/multiqc_data/multiqc_citations.txt",
                "reports/multiqc_data/multiqc_data.json",
                "reports/multiqc_data/multiqc_software_versions.txt",
                "reports/multiqc_data/multiqc_sources.txt",
                "reports/multiqc_report.html",
                "reports/stats",
                "reports/stats/GM12878",
                "reports/stats/GM12878/GM12878.stats",
                "variant_calling",
                "variant_calling/GM12878",
                "variant_calling/GM12878/GM12878.haplotypecaller.filtered.vcf.gz",
                "variant_calling/GM12878/GM12878.haplotypecaller.filtered.vcf.gz.tbi",
                "variant_calling/GM12878/GM12878.haplotypecaller.vcf.gz",
                "variant_calling/GM12878/GM12878.haplotypecaller.vcf.gz.tbi"
            ],
            [
                "multiqc_citations.txt:md5,4c806e63a283ec1b7e78cdae3a923d4f"
            ],
            [
            "No BAM files",
            ],
            "No CRAM files",
            [
                "GM12878.haplotypecaller.filtered.vcf.gz:md5,91b7a35bf1cf66f4cd8ec164bed11152",
                "GM12878.haplotypecaller.vcf.gz:md5,b6d5469d5992faa78d365aa1df5459c0"
            ]
        ],
        "meta": {
            "nf-test": "0.9.2",
            "nextflow": "25.04.4"
        },
        "timestamp": "2025-06-30T13:05:04.74556285"
    }
}