{
    "-profile test": {
        "content": [
            41,
            {
                "CAT_FASTQ": {
                    "cat": "9.5"
                },
                "FASTQC": {
                    "fastqc": "0.12.1"
                },
                "GATK4_APPLYBQSR": {
                    "gatk4": "4.6.2.0"
                },
                "GATK4_BASERECALIBRATOR": {
                    "gatk4": "4.6.2.0"
                },
                "GATK4_BEDTOINTERVALLIST": {
                    "gatk4": "4.6.2.0"
                },
                "GATK4_HAPLOTYPECALLER": {
                    "gatk4": "4.6.2.0"
                },
                "GATK4_INTERVALLISTTOOLS": {
                    "gatk4": "4.6.2.0"
                },
                "GATK4_MERGEVCFS": {
                    "gatk4": "4.6.2.0"
                },
                "GATK4_SPLITNCIGARREADS": {
                    "gatk4": "4.6.2.0"
                },
                "GATK4_VARIANTFILTRATION": {
                    "gatk4": "4.6.2.0"
                },
                "GFFREAD": {
                    "gffread": "0.12.7"
                },
                "GTF2BED": {
                    "Rscript": "3.5.1 (2018-07-02)"
                },
                "PICARD_MARKDUPLICATES": {
                    "picard": "3.4.0"
                },
                "REMOVE_UNKNOWN_REGIONS": {
                    "python": "3.8.3"
                },
                "SAMTOOLS_FAIDX": {
                    "samtools": "1.22.1"
                },
                "SAMTOOLS_FLAGSTAT": {
                    "samtools": "1.22.1"
                },
                "SAMTOOLS_IDXSTATS": {
                    "samtools": "1.22.1"
                },
                "SAMTOOLS_INDEX": {
                    "samtools": "1.22.1"
                },
                "SAMTOOLS_MERGE": {
                    "samtools": "1.22.1"
                },
                "SAMTOOLS_SORT": {
                    "samtools": "1.22.1"
                },
                "SAMTOOLS_STATS": {
                    "samtools": "1.22.1"
                },
                "STAR_ALIGN": {
                    "gawk": "5.1.0",
                    "samtools": 1.21,
                    "star": "2.7.11b"
                },
                "STAR_INDEXVERSION": {
                    "gawk": "5.1.0",
                    "samtools": 1.21,
                    "star": "2.7.11b"
                },
                "TABIX": {
                    "tabix": "1.21"
                },
                "UNTAR": {
                    "untar": 1.34
                }
            },
            [
                "pipeline_info",
                "pipeline_info/nf_core_rnavar_software_mqc_versions.yml",
                "preprocessing",
                "preprocessing/GM12878",
                "preprocessing/GM12878/GM12878.md.bam",
                "preprocessing/GM12878/GM12878.md.bam.bai",
                "preprocessing/GM12878/GM12878.recal.bam",
                "preprocessing/GM12878/GM12878.recal.bam.bai",
                "reports",
                "reports/multiqc_data",
                "reports/multiqc_data/gatk-base-recalibrator-quality-scores-plot_Pre-recalibration_Count.txt",
                "reports/multiqc_data/gatk-base-recalibrator-quality-scores-plot_Pre-recalibration_Percent.txt",
                "reports/multiqc_data/gatk-base-recalibrator-reported-empirical-plot.txt",
                "reports/multiqc_data/gatk_base_recalibrator.txt",
                "reports/multiqc_data/llms-full.txt",
                "reports/multiqc_data/multiqc.log",
                "reports/multiqc_data/multiqc.parquet",
                "reports/multiqc_data/multiqc_citations.txt",
                "reports/multiqc_data/multiqc_data.json",
                "reports/multiqc_data/multiqc_general_stats.txt",
                "reports/multiqc_data/multiqc_picard_dups.txt",
                "reports/multiqc_data/multiqc_samtools_idxstats.txt",
                "reports/multiqc_data/multiqc_software_versions.txt",
                "reports/multiqc_data/multiqc_sources.txt",
                "reports/multiqc_data/multiqc_star.txt",
                "reports/multiqc_data/picard_MarkIlluminaAdapters_histogram.txt",
                "reports/multiqc_data/picard_MeanQualityByCycle_histogram.txt",
                "reports/multiqc_data/picard_MeanQualityByCycle_histogram_1.txt",
                "reports/multiqc_data/picard_QualityScoreDistribution_histogram.txt",
                "reports/multiqc_data/picard_deduplication.txt",
                "reports/multiqc_data/samtools-idxstats-mapped-reads-plot_Normalised_Counts.txt",
                "reports/multiqc_data/samtools-idxstats-mapped-reads-plot_Observed_over_Expected_Counts.txt",
                "reports/multiqc_data/samtools-idxstats-mapped-reads-plot_Raw_Counts.txt",
                "reports/multiqc_data/star_alignment_plot.txt",
                "reports/multiqc_data/star_summary_table.txt",
                "reports/multiqc_plots",
                "reports/multiqc_plots/pdf",
                "reports/multiqc_plots/pdf/gatk-base-recalibrator-quality-scores-plot_Pre-recalibration_Count.pdf",
                "reports/multiqc_plots/pdf/gatk-base-recalibrator-quality-scores-plot_Pre-recalibration_Percent.pdf",
                "reports/multiqc_plots/pdf/gatk-base-recalibrator-reported-empirical-plot.pdf",
                "reports/multiqc_plots/pdf/picard_deduplication-cnt.pdf",
                "reports/multiqc_plots/pdf/picard_deduplication-pct.pdf",
                "reports/multiqc_plots/pdf/samtools-idxstats-mapped-reads-plot_Normalised_Counts-cnt.pdf",
                "reports/multiqc_plots/pdf/samtools-idxstats-mapped-reads-plot_Normalised_Counts-log.pdf",
                "reports/multiqc_plots/pdf/samtools-idxstats-mapped-reads-plot_Observed_over_Expected_Counts-cnt.pdf",
                "reports/multiqc_plots/pdf/samtools-idxstats-mapped-reads-plot_Observed_over_Expected_Counts-log.pdf",
                "reports/multiqc_plots/pdf/samtools-idxstats-mapped-reads-plot_Raw_Counts-cnt.pdf",
                "reports/multiqc_plots/pdf/samtools-idxstats-mapped-reads-plot_Raw_Counts-log.pdf",
                "reports/multiqc_plots/pdf/star_alignment_plot-cnt.pdf",
                "reports/multiqc_plots/pdf/star_alignment_plot-pct.pdf",
                "reports/multiqc_plots/pdf/star_summary_table.pdf",
                "reports/multiqc_plots/png",
                "reports/multiqc_plots/png/gatk-base-recalibrator-quality-scores-plot_Pre-recalibration_Count.png",
                "reports/multiqc_plots/png/gatk-base-recalibrator-quality-scores-plot_Pre-recalibration_Percent.png",
                "reports/multiqc_plots/png/gatk-base-recalibrator-reported-empirical-plot.png",
                "reports/multiqc_plots/png/picard_deduplication-cnt.png",
                "reports/multiqc_plots/png/picard_deduplication-pct.png",
                "reports/multiqc_plots/png/samtools-idxstats-mapped-reads-plot_Normalised_Counts-cnt.png",
                "reports/multiqc_plots/png/samtools-idxstats-mapped-reads-plot_Normalised_Counts-log.png",
                "reports/multiqc_plots/png/samtools-idxstats-mapped-reads-plot_Observed_over_Expected_Counts-cnt.png",
                "reports/multiqc_plots/png/samtools-idxstats-mapped-reads-plot_Observed_over_Expected_Counts-log.png",
                "reports/multiqc_plots/png/samtools-idxstats-mapped-reads-plot_Raw_Counts-cnt.png",
                "reports/multiqc_plots/png/samtools-idxstats-mapped-reads-plot_Raw_Counts-log.png",
                "reports/multiqc_plots/png/star_alignment_plot-cnt.png",
                "reports/multiqc_plots/png/star_alignment_plot-pct.png",
                "reports/multiqc_plots/png/star_summary_table.png",
                "reports/multiqc_plots/svg",
                "reports/multiqc_plots/svg/gatk-base-recalibrator-quality-scores-plot_Pre-recalibration_Count.svg",
                "reports/multiqc_plots/svg/gatk-base-recalibrator-quality-scores-plot_Pre-recalibration_Percent.svg",
                "reports/multiqc_plots/svg/gatk-base-recalibrator-reported-empirical-plot.svg",
                "reports/multiqc_plots/svg/picard_deduplication-cnt.svg",
                "reports/multiqc_plots/svg/picard_deduplication-pct.svg",
                "reports/multiqc_plots/svg/samtools-idxstats-mapped-reads-plot_Normalised_Counts-cnt.svg",
                "reports/multiqc_plots/svg/samtools-idxstats-mapped-reads-plot_Normalised_Counts-log.svg",
                "reports/multiqc_plots/svg/samtools-idxstats-mapped-reads-plot_Observed_over_Expected_Counts-cnt.svg",
                "reports/multiqc_plots/svg/samtools-idxstats-mapped-reads-plot_Observed_over_Expected_Counts-log.svg",
                "reports/multiqc_plots/svg/samtools-idxstats-mapped-reads-plot_Raw_Counts-cnt.svg",
                "reports/multiqc_plots/svg/samtools-idxstats-mapped-reads-plot_Raw_Counts-log.svg",
                "reports/multiqc_plots/svg/star_alignment_plot-cnt.svg",
                "reports/multiqc_plots/svg/star_alignment_plot-pct.svg",
                "reports/multiqc_plots/svg/star_summary_table.svg",
                "reports/multiqc_report.html",
                "reports/stats",
                "reports/stats/GM12878",
                "reports/stats/GM12878/GM12878.flagstat",
                "reports/stats/GM12878/GM12878.stats",
                "reports/stats/GM12878/STAR_log",
                "reports/stats/GM12878/STAR_log/GM12878.Log.final.out",
                "reports/stats/GM12878/STAR_log/GM12878.Log.out",
                "reports/stats/GM12878/STAR_log/GM12878.Log.progress.out",
                "reports/stats/GM12878/STAR_log/GM12878.SJ.out.tab",
                "samtools",
                "samtools/GM12878.bam",
                "samtools/GM12878.bam.bai",
                "variant_calling",
                "variant_calling/GM12878",
                "variant_calling/GM12878/GM12878.haplotypecaller.filtered.vcf.gz",
                "variant_calling/GM12878/GM12878.haplotypecaller.filtered.vcf.gz.tbi",
                "variant_calling/GM12878/GM12878.haplotypecaller.vcf.gz",
                "variant_calling/GM12878/GM12878.haplotypecaller.vcf.gz.tbi"
            ],
            [
                "gatk-base-recalibrator-quality-scores-plot_Pre-recalibration_Count.txt:md5,dfacb0327c15b3d267c21f197034dc3b",
                "gatk-base-recalibrator-quality-scores-plot_Pre-recalibration_Percent.txt:md5,c1e12cf18f996c0729fa37b0ca17ca24",
                "multiqc_citations.txt:md5,cf0010a27fe09ed8eabf89422df32550",
                "multiqc_picard_dups.txt:md5,3c2ee70029b964a56b5eb0b2473eb147",
                "multiqc_samtools_idxstats.txt:md5,776a2525b1f9482ef584682efe5241c1",
                "multiqc_star.txt:md5,7e6521313553e98304f39d749df30dc6",
                "picard_MarkIlluminaAdapters_histogram.txt:md5,d41d8cd98f00b204e9800998ecf8427e",
                "picard_MeanQualityByCycle_histogram.txt:md5,d41d8cd98f00b204e9800998ecf8427e",
                "picard_MeanQualityByCycle_histogram_1.txt:md5,d41d8cd98f00b204e9800998ecf8427e",
                "picard_QualityScoreDistribution_histogram.txt:md5,d41d8cd98f00b204e9800998ecf8427e",
                "samtools-idxstats-mapped-reads-plot_Normalised_Counts.txt:md5,c889fc29548ffb38c05964526820b8b6",
                "samtools-idxstats-mapped-reads-plot_Observed_over_Expected_Counts.txt:md5,c889fc29548ffb38c05964526820b8b6",
                "samtools-idxstats-mapped-reads-plot_Raw_Counts.txt:md5,c3f2cf9e3aed7d33c686f1908d198ac1",
                "star_alignment_plot.txt:md5,112fac650331136449a83b6764ec8f1d",
                "star_summary_table.txt:md5,028b492d7fb5104dd0de21be819402aa",
                "GM12878.SJ.out.tab:md5,414fe118e884fddedd742cdac913803d"
            ],
            [
                "GM12878.md.bam:md5,3a9888b45f85aa1d7515e0aad8215923",
                "GM12878.recal.bam:md5,1078c5aa688c49bc1b15aea0801cfe44",
                "GM12878.bam:md5,3a9888b45f85aa1d7515e0aad8215923"
            ],
            "No unstable recal BAM files",
            "No CRAM files",
            [
                "GM12878.haplotypecaller.filtered.vcf.gz:md5,d7724ad12ffb8b5d3a98763e52e20c22",
                "GM12878.haplotypecaller.vcf.gz:md5,cc54a8cbfe0d47239cf12298d5da3b48"
            ],
            "No warnings",
            [
                "N E X T F L O W  ~  version [VERSION]",
                "Launching `[PATH]/tests/../main.nf` [RUN_NAME] DSL2 - revision: [REVISION]",
                "------------------------------------------------------",
                "                                        ,--./,-.",
                "        ___     __   __   __   ___     /,-._.--~'",
                "  |\\ | |__  __ /  ` /  \\ |__) |__         }  {",
                "  | \\| |       \\__, \\__/ |  \\ |___     \\`-._,-`-,",
                "                                        `._,._,'",
                "  nf-core/rnavar [VERSION]",
                "------------------------------------------------------",
                "Input/output options",
                "  input                     : [PATH]/tests/csv/1.0/fastq_single.csv",
                "  outdir                    : [PATH]/tests/[NFT_HASH]/output",
                "Alignment options",
                "  star_index                : https://raw.githubusercontent.com/nf-core/test-datasets/rnavar/data//genomics/homo_sapiens/genome/index/star/star.tar.gz",
                "Variant filtering",
                "  gatk_vf_qd_filter         : 2.0",
                "  gatk_vf_fs_filter         : 30.0",
                "Variant Annotation",
                "  bcftools_annotations      : https://raw.githubusercontent.com/nf-core/test-datasets/modules/data//genomics/sarscov2/illumina/vcf/test2.vcf.gz",
                "  bcftools_annotations_tbi  : https://raw.githubusercontent.com/nf-core/test-datasets/modules/data//genomics/sarscov2/illumina/vcf/test2.vcf.gz.tbi",
                "  bcftools_header_lines     : [PATH]/tests/config/bcfann_test_header.txt",
                "General reference genome options",
                "  igenomes_base             : https://raw.githubusercontent.com/nf-core/test-datasets/rnavar/data/",
                "Reference genome options",
                "  genome                    : testdata.nf-core.rnavar",
                "  fasta                     : https://raw.githubusercontent.com/nf-core/test-datasets/rnavar/data//genomics/homo_sapiens/genome/genome.fasta",
                "  dict                      : https://raw.githubusercontent.com/nf-core/test-datasets/rnavar/data//genomics/homo_sapiens/genome/genome.dict",
                "  gff                       : https://raw.githubusercontent.com/nf-core/test-datasets/rnavar/data//genomics/homo_sapiens/genome/genome.gff3",
                "  known_indels              : https://raw.githubusercontent.com/nf-core/test-datasets/rnavar/data//genomics/homo_sapiens/genome/vcf/mills_and_1000G.indels.vcf.gz",
                "  known_indels_tbi          : https://raw.githubusercontent.com/nf-core/test-datasets/rnavar/data//genomics/homo_sapiens/genome/vcf/mills_and_1000G.indels.vcf.gz.tbi",
                "  dbsnp                     : https://raw.githubusercontent.com/nf-core/test-datasets/rnavar/data//genomics/homo_sapiens/genome/vcf/dbsnp_146.hg38.vcf.gz",
                "  dbsnp_tbi                 : https://raw.githubusercontent.com/nf-core/test-datasets/rnavar/data//genomics/homo_sapiens/genome/vcf/dbsnp_146.hg38.vcf.gz.tbi",
                "  snpeff_db                 : WBcel235.99",
                "  vep_genome                : WBcel235",
                "  vep_species               : caenorhabditis_elegans",
                "  vep_cache_version         : 115",
                "Institutional config options",
                "  config_profile_name       : Test profile",
                "  config_profile_description: Minimal test dataset to check pipeline function",
                "Generic options",
                "  trace_report_suffix       : [TIMESTAMP]",
                "Core Nextflow options",
                "  runName                   : [RUN_NAME]",
                "  launchDir                 : [PATH]/tests/[NFT_HASH]",
                "  workDir                   : [PATH]/tests/[NFT_HASH]/work",
                "  projectDir                : [PATH]",
                "  userName                  : [USER]",
                "  profile                   : test,[CONTAINER]",
                "  configFiles               : [PATH]/nextflow.config, [PATH]/nextflow.config, [PATH]/tests/nextflow.config",
                "!! Only displaying parameters that differ from the pipeline defaults !!",
                "------------------------------------------------------",
                "* The pipeline",
                "    https://doi.org/10.5281/zenodo.6669636",
                "* The nf-core framework",
                "    https://doi.org/10.1038/s41587-020-0439-x",
                "* Software dependencies",
                "    https://github.com/nf-core/rnavar/blob/master/CITATIONS.md",
                "[NXF_HASH] Submitted process > MULTIQC",
                "[NXF_HASH] Submitted process > NFCORE_RNAVAR:PREPARE_GENOME:GFFREAD (genome)",
                "[NXF_HASH] Submitted process > NFCORE_RNAVAR:PREPARE_GENOME:GTF2BED (genome.gtf)",
                "[NXF_HASH] Submitted process > NFCORE_RNAVAR:PREPARE_GENOME:REMOVE_UNKNOWN_REGIONS (genome)",
                "[NXF_HASH] Submitted process > NFCORE_RNAVAR:PREPARE_GENOME:SAMTOOLS_FAIDX (genome.fasta)",
                "[NXF_HASH] Submitted process > NFCORE_RNAVAR:PREPARE_GENOME:STAR_INDEXVERSION",
                "[NXF_HASH] Submitted process > NFCORE_RNAVAR:PREPARE_GENOME:UNTAR (star.tar.gz)",
                "[NXF_HASH] Submitted process > NFCORE_RNAVAR:RNAVAR:BAM_MARKDUPLICATES_PICARD:BAM_STATS_SAMTOOLS:SAMTOOLS_FLAGSTAT (GM12878)",
                "[NXF_HASH] Submitted process > NFCORE_RNAVAR:RNAVAR:BAM_MARKDUPLICATES_PICARD:BAM_STATS_SAMTOOLS:SAMTOOLS_IDXSTATS (GM12878)",
                "[NXF_HASH] Submitted process > NFCORE_RNAVAR:RNAVAR:BAM_MARKDUPLICATES_PICARD:BAM_STATS_SAMTOOLS:SAMTOOLS_STATS (GM12878)",
                "[NXF_HASH] Submitted process > NFCORE_RNAVAR:RNAVAR:BAM_MARKDUPLICATES_PICARD:PICARD_MARKDUPLICATES (GM12878)",
                "[NXF_HASH] Submitted process > NFCORE_RNAVAR:RNAVAR:BAM_MARKDUPLICATES_PICARD:SAMTOOLS_INDEX (GM12878)",
                "[NXF_HASH] Submitted process > NFCORE_RNAVAR:RNAVAR:CAT_FASTQ (GM12878)",
                "[NXF_HASH] Submitted process > NFCORE_RNAVAR:RNAVAR:FASTQC (GM12878)",
                "[NXF_HASH] Submitted process > NFCORE_RNAVAR:RNAVAR:FASTQ_ALIGN_STAR:BAM_SORT_STATS_SAMTOOLS_GENOME:BAM_STATS_SAMTOOLS:SAMTOOLS_FLAGSTAT (GM12878)",
                "[NXF_HASH] Submitted process > NFCORE_RNAVAR:RNAVAR:FASTQ_ALIGN_STAR:BAM_SORT_STATS_SAMTOOLS_GENOME:BAM_STATS_SAMTOOLS:SAMTOOLS_IDXSTATS (GM12878)",
                "[NXF_HASH] Submitted process > NFCORE_RNAVAR:RNAVAR:FASTQ_ALIGN_STAR:BAM_SORT_STATS_SAMTOOLS_GENOME:BAM_STATS_SAMTOOLS:SAMTOOLS_STATS (GM12878)",
                "[NXF_HASH] Submitted process > NFCORE_RNAVAR:RNAVAR:FASTQ_ALIGN_STAR:BAM_SORT_STATS_SAMTOOLS_GENOME:SAMTOOLS_INDEX (GM12878)",
                "[NXF_HASH] Submitted process > NFCORE_RNAVAR:RNAVAR:FASTQ_ALIGN_STAR:BAM_SORT_STATS_SAMTOOLS_GENOME:SAMTOOLS_SORT (GM12878)",
                "[NXF_HASH] Submitted process > NFCORE_RNAVAR:RNAVAR:FASTQ_ALIGN_STAR:STAR_ALIGN (GM12878)",
                "[NXF_HASH] Submitted process > NFCORE_RNAVAR:RNAVAR:GATK4_BASERECALIBRATOR (GM12878)",
                "[NXF_HASH] Submitted process > NFCORE_RNAVAR:RNAVAR:GATK4_BEDTOINTERVALLIST (genome)",
                "[NXF_HASH] Submitted process > NFCORE_RNAVAR:RNAVAR:GATK4_HAPLOTYPECALLER (GM12878_1scattered)",
                "[NXF_HASH] Submitted process > NFCORE_RNAVAR:RNAVAR:GATK4_HAPLOTYPECALLER (GM12878_2scattered)",
                "[NXF_HASH] Submitted process > NFCORE_RNAVAR:RNAVAR:GATK4_HAPLOTYPECALLER (GM12878_3scattered)",
                "[NXF_HASH] Submitted process > NFCORE_RNAVAR:RNAVAR:GATK4_HAPLOTYPECALLER (GM12878_4scattered)",
                "[NXF_HASH] Submitted process > NFCORE_RNAVAR:RNAVAR:GATK4_HAPLOTYPECALLER (GM12878_5scattered)",
                "[NXF_HASH] Submitted process > NFCORE_RNAVAR:RNAVAR:GATK4_INTERVALLISTTOOLS (genome)",
                "[NXF_HASH] Submitted process > NFCORE_RNAVAR:RNAVAR:GATK4_MERGEVCFS (GM12878)",
                "[NXF_HASH] Submitted process > NFCORE_RNAVAR:RNAVAR:GATK4_VARIANTFILTRATION (GM12878)",
                "[NXF_HASH] Submitted process > NFCORE_RNAVAR:RNAVAR:RECALIBRATE:GATK4_APPLYBQSR (GM12878)",
                "[NXF_HASH] Submitted process > NFCORE_RNAVAR:RNAVAR:RECALIBRATE:SAMTOOLS_INDEX (GM12878)",
                "[NXF_HASH] Submitted process > NFCORE_RNAVAR:RNAVAR:RECALIBRATE:SAMTOOLS_STATS (GM12878)",
                "[NXF_HASH] Submitted process > NFCORE_RNAVAR:RNAVAR:SPLITNCIGAR:GATK4_SPLITNCIGARREADS (GM12878_1scattered)",
                "[NXF_HASH] Submitted process > NFCORE_RNAVAR:RNAVAR:SPLITNCIGAR:GATK4_SPLITNCIGARREADS (GM12878_2scattered)",
                "[NXF_HASH] Submitted process > NFCORE_RNAVAR:RNAVAR:SPLITNCIGAR:GATK4_SPLITNCIGARREADS (GM12878_3scattered)",
                "[NXF_HASH] Submitted process > NFCORE_RNAVAR:RNAVAR:SPLITNCIGAR:GATK4_SPLITNCIGARREADS (GM12878_4scattered)",
                "[NXF_HASH] Submitted process > NFCORE_RNAVAR:RNAVAR:SPLITNCIGAR:GATK4_SPLITNCIGARREADS (GM12878_5scattered)",
                "[NXF_HASH] Submitted process > NFCORE_RNAVAR:RNAVAR:SPLITNCIGAR:SAMTOOLS_INDEX (GM12878)",
                "[NXF_HASH] Submitted process > NFCORE_RNAVAR:RNAVAR:SPLITNCIGAR:SAMTOOLS_MERGE (GM12878)",
                "[NXF_HASH] Submitted process > NFCORE_RNAVAR:RNAVAR:TABIX (GM12878)"
            ]
        ],
        "meta": {
            "nf-test": "0.9.3",
            "nextflow": "25.10.2"
        },
        "timestamp": "2025-12-16T12:56:07.314547938"
    },
    "-profile test --dbsnp_tbi false --known_indels false --known_indels_tbi false": {
        "content": [
            42,
            {
                "CAT_FASTQ": {
                    "cat": "9.5"
                },
                "FASTQC": {
                    "fastqc": "0.12.1"
                },
                "GATK4_APPLYBQSR": {
                    "gatk4": "4.6.2.0"
                },
                "GATK4_BASERECALIBRATOR": {
                    "gatk4": "4.6.2.0"
                },
                "GATK4_BEDTOINTERVALLIST": {
                    "gatk4": "4.6.2.0"
                },
                "GATK4_HAPLOTYPECALLER": {
                    "gatk4": "4.6.2.0"
                },
                "GATK4_INTERVALLISTTOOLS": {
                    "gatk4": "4.6.2.0"
                },
                "GATK4_MERGEVCFS": {
                    "gatk4": "4.6.2.0"
                },
                "GATK4_SPLITNCIGARREADS": {
                    "gatk4": "4.6.2.0"
                },
                "GATK4_VARIANTFILTRATION": {
                    "gatk4": "4.6.2.0"
                },
                "GFFREAD": {
                    "gffread": "0.12.7"
                },
                "GTF2BED": {
                    "Rscript": "3.5.1 (2018-07-02)"
                },
                "PICARD_MARKDUPLICATES": {
                    "picard": "3.4.0"
                },
                "REMOVE_UNKNOWN_REGIONS": {
                    "python": "3.8.3"
                },
                "SAMTOOLS_FAIDX": {
                    "samtools": "1.22.1"
                },
                "SAMTOOLS_FLAGSTAT": {
                    "samtools": "1.22.1"
                },
                "SAMTOOLS_IDXSTATS": {
                    "samtools": "1.22.1"
                },
                "SAMTOOLS_INDEX": {
                    "samtools": "1.22.1"
                },
                "SAMTOOLS_MERGE": {
                    "samtools": "1.22.1"
                },
                "SAMTOOLS_SORT": {
                    "samtools": "1.22.1"
                },
                "SAMTOOLS_STATS": {
                    "samtools": "1.22.1"
                },
                "STAR_ALIGN": {
                    "gawk": "5.1.0",
                    "samtools": 1.21,
                    "star": "2.7.11b"
                },
                "STAR_INDEXVERSION": {
                    "gawk": "5.1.0",
                    "samtools": 1.21,
                    "star": "2.7.11b"
                },
                "TABIX": {
                    "tabix": "1.21"
                },
                "TABIX_DBSNP": {
                    "tabix": "1.21"
                },
                "UNTAR": {
                    "untar": 1.34
                }
            },
            [
                "pipeline_info",
                "pipeline_info/nf_core_rnavar_software_mqc_versions.yml",
                "preprocessing",
                "preprocessing/GM12878",
                "preprocessing/GM12878/GM12878.md.bam",
                "preprocessing/GM12878/GM12878.md.bam.bai",
                "preprocessing/GM12878/GM12878.recal.bam",
                "preprocessing/GM12878/GM12878.recal.bam.bai",
                "reports",
                "reports/multiqc_data",
                "reports/multiqc_data/gatk-base-recalibrator-quality-scores-plot_Pre-recalibration_Count.txt",
                "reports/multiqc_data/gatk-base-recalibrator-quality-scores-plot_Pre-recalibration_Percent.txt",
                "reports/multiqc_data/gatk-base-recalibrator-reported-empirical-plot.txt",
                "reports/multiqc_data/gatk_base_recalibrator.txt",
                "reports/multiqc_data/llms-full.txt",
                "reports/multiqc_data/multiqc.log",
                "reports/multiqc_data/multiqc.parquet",
                "reports/multiqc_data/multiqc_citations.txt",
                "reports/multiqc_data/multiqc_data.json",
                "reports/multiqc_data/multiqc_general_stats.txt",
                "reports/multiqc_data/multiqc_picard_dups.txt",
                "reports/multiqc_data/multiqc_samtools_idxstats.txt",
                "reports/multiqc_data/multiqc_software_versions.txt",
                "reports/multiqc_data/multiqc_sources.txt",
                "reports/multiqc_data/multiqc_star.txt",
                "reports/multiqc_data/picard_MarkIlluminaAdapters_histogram.txt",
                "reports/multiqc_data/picard_MeanQualityByCycle_histogram.txt",
                "reports/multiqc_data/picard_MeanQualityByCycle_histogram_1.txt",
                "reports/multiqc_data/picard_QualityScoreDistribution_histogram.txt",
                "reports/multiqc_data/picard_deduplication.txt",
                "reports/multiqc_data/samtools-idxstats-mapped-reads-plot_Normalised_Counts.txt",
                "reports/multiqc_data/samtools-idxstats-mapped-reads-plot_Observed_over_Expected_Counts.txt",
                "reports/multiqc_data/samtools-idxstats-mapped-reads-plot_Raw_Counts.txt",
                "reports/multiqc_data/star_alignment_plot.txt",
                "reports/multiqc_data/star_summary_table.txt",
                "reports/multiqc_plots",
                "reports/multiqc_plots/pdf",
                "reports/multiqc_plots/pdf/gatk-base-recalibrator-quality-scores-plot_Pre-recalibration_Count.pdf",
                "reports/multiqc_plots/pdf/gatk-base-recalibrator-quality-scores-plot_Pre-recalibration_Percent.pdf",
                "reports/multiqc_plots/pdf/gatk-base-recalibrator-reported-empirical-plot.pdf",
                "reports/multiqc_plots/pdf/picard_deduplication-cnt.pdf",
                "reports/multiqc_plots/pdf/picard_deduplication-pct.pdf",
                "reports/multiqc_plots/pdf/samtools-idxstats-mapped-reads-plot_Normalised_Counts-cnt.pdf",
                "reports/multiqc_plots/pdf/samtools-idxstats-mapped-reads-plot_Normalised_Counts-log.pdf",
                "reports/multiqc_plots/pdf/samtools-idxstats-mapped-reads-plot_Observed_over_Expected_Counts-cnt.pdf",
                "reports/multiqc_plots/pdf/samtools-idxstats-mapped-reads-plot_Observed_over_Expected_Counts-log.pdf",
                "reports/multiqc_plots/pdf/samtools-idxstats-mapped-reads-plot_Raw_Counts-cnt.pdf",
                "reports/multiqc_plots/pdf/samtools-idxstats-mapped-reads-plot_Raw_Counts-log.pdf",
                "reports/multiqc_plots/pdf/star_alignment_plot-cnt.pdf",
                "reports/multiqc_plots/pdf/star_alignment_plot-pct.pdf",
                "reports/multiqc_plots/pdf/star_summary_table.pdf",
                "reports/multiqc_plots/png",
                "reports/multiqc_plots/png/gatk-base-recalibrator-quality-scores-plot_Pre-recalibration_Count.png",
                "reports/multiqc_plots/png/gatk-base-recalibrator-quality-scores-plot_Pre-recalibration_Percent.png",
                "reports/multiqc_plots/png/gatk-base-recalibrator-reported-empirical-plot.png",
                "reports/multiqc_plots/png/picard_deduplication-cnt.png",
                "reports/multiqc_plots/png/picard_deduplication-pct.png",
                "reports/multiqc_plots/png/samtools-idxstats-mapped-reads-plot_Normalised_Counts-cnt.png",
                "reports/multiqc_plots/png/samtools-idxstats-mapped-reads-plot_Normalised_Counts-log.png",
                "reports/multiqc_plots/png/samtools-idxstats-mapped-reads-plot_Observed_over_Expected_Counts-cnt.png",
                "reports/multiqc_plots/png/samtools-idxstats-mapped-reads-plot_Observed_over_Expected_Counts-log.png",
                "reports/multiqc_plots/png/samtools-idxstats-mapped-reads-plot_Raw_Counts-cnt.png",
                "reports/multiqc_plots/png/samtools-idxstats-mapped-reads-plot_Raw_Counts-log.png",
                "reports/multiqc_plots/png/star_alignment_plot-cnt.png",
                "reports/multiqc_plots/png/star_alignment_plot-pct.png",
                "reports/multiqc_plots/png/star_summary_table.png",
                "reports/multiqc_plots/svg",
                "reports/multiqc_plots/svg/gatk-base-recalibrator-quality-scores-plot_Pre-recalibration_Count.svg",
                "reports/multiqc_plots/svg/gatk-base-recalibrator-quality-scores-plot_Pre-recalibration_Percent.svg",
                "reports/multiqc_plots/svg/gatk-base-recalibrator-reported-empirical-plot.svg",
                "reports/multiqc_plots/svg/picard_deduplication-cnt.svg",
                "reports/multiqc_plots/svg/picard_deduplication-pct.svg",
                "reports/multiqc_plots/svg/samtools-idxstats-mapped-reads-plot_Normalised_Counts-cnt.svg",
                "reports/multiqc_plots/svg/samtools-idxstats-mapped-reads-plot_Normalised_Counts-log.svg",
                "reports/multiqc_plots/svg/samtools-idxstats-mapped-reads-plot_Observed_over_Expected_Counts-cnt.svg",
                "reports/multiqc_plots/svg/samtools-idxstats-mapped-reads-plot_Observed_over_Expected_Counts-log.svg",
                "reports/multiqc_plots/svg/samtools-idxstats-mapped-reads-plot_Raw_Counts-cnt.svg",
                "reports/multiqc_plots/svg/samtools-idxstats-mapped-reads-plot_Raw_Counts-log.svg",
                "reports/multiqc_plots/svg/star_alignment_plot-cnt.svg",
                "reports/multiqc_plots/svg/star_alignment_plot-pct.svg",
                "reports/multiqc_plots/svg/star_summary_table.svg",
                "reports/multiqc_report.html",
                "reports/stats",
                "reports/stats/GM12878",
                "reports/stats/GM12878/GM12878.flagstat",
                "reports/stats/GM12878/GM12878.stats",
                "reports/stats/GM12878/STAR_log",
                "reports/stats/GM12878/STAR_log/GM12878.Log.final.out",
                "reports/stats/GM12878/STAR_log/GM12878.Log.out",
                "reports/stats/GM12878/STAR_log/GM12878.Log.progress.out",
                "reports/stats/GM12878/STAR_log/GM12878.SJ.out.tab",
                "samtools",
                "samtools/GM12878.bam",
                "samtools/GM12878.bam.bai",
                "variant_calling",
                "variant_calling/GM12878",
                "variant_calling/GM12878/GM12878.haplotypecaller.filtered.vcf.gz",
                "variant_calling/GM12878/GM12878.haplotypecaller.filtered.vcf.gz.tbi",
                "variant_calling/GM12878/GM12878.haplotypecaller.vcf.gz",
                "variant_calling/GM12878/GM12878.haplotypecaller.vcf.gz.tbi",
                "variant_calling/dbsnp_146.hg38.vcf",
                "variant_calling/dbsnp_146.hg38.vcf/dbsnp_146.hg38.vcf.gz.tbi"
            ],
            [
                "gatk-base-recalibrator-quality-scores-plot_Pre-recalibration_Count.txt:md5,dfacb0327c15b3d267c21f197034dc3b",
                "gatk-base-recalibrator-quality-scores-plot_Pre-recalibration_Percent.txt:md5,c1e12cf18f996c0729fa37b0ca17ca24",
                "multiqc_citations.txt:md5,cf0010a27fe09ed8eabf89422df32550",
                "multiqc_picard_dups.txt:md5,3c2ee70029b964a56b5eb0b2473eb147",
                "multiqc_samtools_idxstats.txt:md5,776a2525b1f9482ef584682efe5241c1",
                "multiqc_star.txt:md5,7e6521313553e98304f39d749df30dc6",
                "picard_MarkIlluminaAdapters_histogram.txt:md5,d41d8cd98f00b204e9800998ecf8427e",
                "picard_MeanQualityByCycle_histogram.txt:md5,d41d8cd98f00b204e9800998ecf8427e",
                "picard_MeanQualityByCycle_histogram_1.txt:md5,d41d8cd98f00b204e9800998ecf8427e",
                "picard_QualityScoreDistribution_histogram.txt:md5,d41d8cd98f00b204e9800998ecf8427e",
                "samtools-idxstats-mapped-reads-plot_Normalised_Counts.txt:md5,c889fc29548ffb38c05964526820b8b6",
                "samtools-idxstats-mapped-reads-plot_Observed_over_Expected_Counts.txt:md5,c889fc29548ffb38c05964526820b8b6",
                "samtools-idxstats-mapped-reads-plot_Raw_Counts.txt:md5,c3f2cf9e3aed7d33c686f1908d198ac1",
                "star_alignment_plot.txt:md5,112fac650331136449a83b6764ec8f1d",
                "star_summary_table.txt:md5,028b492d7fb5104dd0de21be819402aa",
                "GM12878.SJ.out.tab:md5,414fe118e884fddedd742cdac913803d"
            ],
            [
                "GM12878.md.bam:md5,3a9888b45f85aa1d7515e0aad8215923",
                "GM12878.recal.bam:md5,1078c5aa688c49bc1b15aea0801cfe44",
                "GM12878.bam:md5,3a9888b45f85aa1d7515e0aad8215923"
            ],
            "No unstable recal BAM files",
            "No CRAM files",
            [
                "GM12878.haplotypecaller.filtered.vcf.gz:md5,d7724ad12ffb8b5d3a98763e52e20c22",
                "GM12878.haplotypecaller.vcf.gz:md5,cc54a8cbfe0d47239cf12298d5da3b48"
            ],
            "No warnings"
        ],
        "meta": {
            "nf-test": "0.9.3",
            "nextflow": "25.10.2"
        },
        "timestamp": "2025-12-16T13:01:05.371434575"
    },
    "-profile test --dbsnp false --dbsnp_tbi false --known_indels_tbi false": {
        "content": [
            42,
            {
                "CAT_FASTQ": {
                    "cat": "9.5"
                },
                "FASTQC": {
                    "fastqc": "0.12.1"
                },
                "GATK4_APPLYBQSR": {
                    "gatk4": "4.6.2.0"
                },
                "GATK4_BASERECALIBRATOR": {
                    "gatk4": "4.6.2.0"
                },
                "GATK4_BEDTOINTERVALLIST": {
                    "gatk4": "4.6.2.0"
                },
                "GATK4_HAPLOTYPECALLER": {
                    "gatk4": "4.6.2.0"
                },
                "GATK4_INTERVALLISTTOOLS": {
                    "gatk4": "4.6.2.0"
                },
                "GATK4_MERGEVCFS": {
                    "gatk4": "4.6.2.0"
                },
                "GATK4_SPLITNCIGARREADS": {
                    "gatk4": "4.6.2.0"
                },
                "GATK4_VARIANTFILTRATION": {
                    "gatk4": "4.6.2.0"
                },
                "GFFREAD": {
                    "gffread": "0.12.7"
                },
                "GTF2BED": {
                    "Rscript": "3.5.1 (2018-07-02)"
                },
                "PICARD_MARKDUPLICATES": {
                    "picard": "3.4.0"
                },
                "REMOVE_UNKNOWN_REGIONS": {
                    "python": "3.8.3"
                },
                "SAMTOOLS_FAIDX": {
                    "samtools": "1.22.1"
                },
                "SAMTOOLS_FLAGSTAT": {
                    "samtools": "1.22.1"
                },
                "SAMTOOLS_IDXSTATS": {
                    "samtools": "1.22.1"
                },
                "SAMTOOLS_INDEX": {
                    "samtools": "1.22.1"
                },
                "SAMTOOLS_MERGE": {
                    "samtools": "1.22.1"
                },
                "SAMTOOLS_SORT": {
                    "samtools": "1.22.1"
                },
                "SAMTOOLS_STATS": {
                    "samtools": "1.22.1"
                },
                "STAR_ALIGN": {
                    "gawk": "5.1.0",
                    "samtools": 1.21,
                    "star": "2.7.11b"
                },
                "STAR_INDEXVERSION": {
                    "gawk": "5.1.0",
                    "samtools": 1.21,
                    "star": "2.7.11b"
                },
                "TABIX": {
                    "tabix": "1.21"
                },
                "TABIX_KNOWN_INDELS": {
                    "tabix": "1.21"
                },
                "UNTAR": {
                    "untar": 1.34
                }
            },
            [
                "pipeline_info",
                "pipeline_info/nf_core_rnavar_software_mqc_versions.yml",
                "preprocessing",
                "preprocessing/GM12878",
                "preprocessing/GM12878/GM12878.md.bam",
                "preprocessing/GM12878/GM12878.md.bam.bai",
                "preprocessing/GM12878/GM12878.recal.bam",
                "preprocessing/GM12878/GM12878.recal.bam.bai",
                "reports",
                "reports/multiqc_data",
                "reports/multiqc_data/gatk-base-recalibrator-quality-scores-plot_Pre-recalibration_Count.txt",
                "reports/multiqc_data/gatk-base-recalibrator-quality-scores-plot_Pre-recalibration_Percent.txt",
                "reports/multiqc_data/gatk-base-recalibrator-reported-empirical-plot.txt",
                "reports/multiqc_data/gatk_base_recalibrator.txt",
                "reports/multiqc_data/llms-full.txt",
                "reports/multiqc_data/multiqc.log",
                "reports/multiqc_data/multiqc.parquet",
                "reports/multiqc_data/multiqc_citations.txt",
                "reports/multiqc_data/multiqc_data.json",
                "reports/multiqc_data/multiqc_general_stats.txt",
                "reports/multiqc_data/multiqc_picard_dups.txt",
                "reports/multiqc_data/multiqc_samtools_idxstats.txt",
                "reports/multiqc_data/multiqc_software_versions.txt",
                "reports/multiqc_data/multiqc_sources.txt",
                "reports/multiqc_data/multiqc_star.txt",
                "reports/multiqc_data/picard_MarkIlluminaAdapters_histogram.txt",
                "reports/multiqc_data/picard_MeanQualityByCycle_histogram.txt",
                "reports/multiqc_data/picard_MeanQualityByCycle_histogram_1.txt",
                "reports/multiqc_data/picard_QualityScoreDistribution_histogram.txt",
                "reports/multiqc_data/picard_deduplication.txt",
                "reports/multiqc_data/samtools-idxstats-mapped-reads-plot_Normalised_Counts.txt",
                "reports/multiqc_data/samtools-idxstats-mapped-reads-plot_Observed_over_Expected_Counts.txt",
                "reports/multiqc_data/samtools-idxstats-mapped-reads-plot_Raw_Counts.txt",
                "reports/multiqc_data/star_alignment_plot.txt",
                "reports/multiqc_data/star_summary_table.txt",
                "reports/multiqc_plots",
                "reports/multiqc_plots/pdf",
                "reports/multiqc_plots/pdf/gatk-base-recalibrator-quality-scores-plot_Pre-recalibration_Count.pdf",
                "reports/multiqc_plots/pdf/gatk-base-recalibrator-quality-scores-plot_Pre-recalibration_Percent.pdf",
                "reports/multiqc_plots/pdf/gatk-base-recalibrator-reported-empirical-plot.pdf",
                "reports/multiqc_plots/pdf/picard_deduplication-cnt.pdf",
                "reports/multiqc_plots/pdf/picard_deduplication-pct.pdf",
                "reports/multiqc_plots/pdf/samtools-idxstats-mapped-reads-plot_Normalised_Counts-cnt.pdf",
                "reports/multiqc_plots/pdf/samtools-idxstats-mapped-reads-plot_Normalised_Counts-log.pdf",
                "reports/multiqc_plots/pdf/samtools-idxstats-mapped-reads-plot_Observed_over_Expected_Counts-cnt.pdf",
                "reports/multiqc_plots/pdf/samtools-idxstats-mapped-reads-plot_Observed_over_Expected_Counts-log.pdf",
                "reports/multiqc_plots/pdf/samtools-idxstats-mapped-reads-plot_Raw_Counts-cnt.pdf",
                "reports/multiqc_plots/pdf/samtools-idxstats-mapped-reads-plot_Raw_Counts-log.pdf",
                "reports/multiqc_plots/pdf/star_alignment_plot-cnt.pdf",
                "reports/multiqc_plots/pdf/star_alignment_plot-pct.pdf",
                "reports/multiqc_plots/pdf/star_summary_table.pdf",
                "reports/multiqc_plots/png",
                "reports/multiqc_plots/png/gatk-base-recalibrator-quality-scores-plot_Pre-recalibration_Count.png",
                "reports/multiqc_plots/png/gatk-base-recalibrator-quality-scores-plot_Pre-recalibration_Percent.png",
                "reports/multiqc_plots/png/gatk-base-recalibrator-reported-empirical-plot.png",
                "reports/multiqc_plots/png/picard_deduplication-cnt.png",
                "reports/multiqc_plots/png/picard_deduplication-pct.png",
                "reports/multiqc_plots/png/samtools-idxstats-mapped-reads-plot_Normalised_Counts-cnt.png",
                "reports/multiqc_plots/png/samtools-idxstats-mapped-reads-plot_Normalised_Counts-log.png",
                "reports/multiqc_plots/png/samtools-idxstats-mapped-reads-plot_Observed_over_Expected_Counts-cnt.png",
                "reports/multiqc_plots/png/samtools-idxstats-mapped-reads-plot_Observed_over_Expected_Counts-log.png",
                "reports/multiqc_plots/png/samtools-idxstats-mapped-reads-plot_Raw_Counts-cnt.png",
                "reports/multiqc_plots/png/samtools-idxstats-mapped-reads-plot_Raw_Counts-log.png",
                "reports/multiqc_plots/png/star_alignment_plot-cnt.png",
                "reports/multiqc_plots/png/star_alignment_plot-pct.png",
                "reports/multiqc_plots/png/star_summary_table.png",
                "reports/multiqc_plots/svg",
                "reports/multiqc_plots/svg/gatk-base-recalibrator-quality-scores-plot_Pre-recalibration_Count.svg",
                "reports/multiqc_plots/svg/gatk-base-recalibrator-quality-scores-plot_Pre-recalibration_Percent.svg",
                "reports/multiqc_plots/svg/gatk-base-recalibrator-reported-empirical-plot.svg",
                "reports/multiqc_plots/svg/picard_deduplication-cnt.svg",
                "reports/multiqc_plots/svg/picard_deduplication-pct.svg",
                "reports/multiqc_plots/svg/samtools-idxstats-mapped-reads-plot_Normalised_Counts-cnt.svg",
                "reports/multiqc_plots/svg/samtools-idxstats-mapped-reads-plot_Normalised_Counts-log.svg",
                "reports/multiqc_plots/svg/samtools-idxstats-mapped-reads-plot_Observed_over_Expected_Counts-cnt.svg",
                "reports/multiqc_plots/svg/samtools-idxstats-mapped-reads-plot_Observed_over_Expected_Counts-log.svg",
                "reports/multiqc_plots/svg/samtools-idxstats-mapped-reads-plot_Raw_Counts-cnt.svg",
                "reports/multiqc_plots/svg/samtools-idxstats-mapped-reads-plot_Raw_Counts-log.svg",
                "reports/multiqc_plots/svg/star_alignment_plot-cnt.svg",
                "reports/multiqc_plots/svg/star_alignment_plot-pct.svg",
                "reports/multiqc_plots/svg/star_summary_table.svg",
                "reports/multiqc_report.html",
                "reports/stats",
                "reports/stats/GM12878",
                "reports/stats/GM12878/GM12878.flagstat",
                "reports/stats/GM12878/GM12878.stats",
                "reports/stats/GM12878/STAR_log",
                "reports/stats/GM12878/STAR_log/GM12878.Log.final.out",
                "reports/stats/GM12878/STAR_log/GM12878.Log.out",
                "reports/stats/GM12878/STAR_log/GM12878.Log.progress.out",
                "reports/stats/GM12878/STAR_log/GM12878.SJ.out.tab",
                "samtools",
                "samtools/GM12878.bam",
                "samtools/GM12878.bam.bai",
                "variant_calling",
                "variant_calling/GM12878",
                "variant_calling/GM12878/GM12878.haplotypecaller.filtered.vcf.gz",
                "variant_calling/GM12878/GM12878.haplotypecaller.filtered.vcf.gz.tbi",
                "variant_calling/GM12878/GM12878.haplotypecaller.vcf.gz",
                "variant_calling/GM12878/GM12878.haplotypecaller.vcf.gz.tbi",
                "variant_calling/mills_and_1000G.indels.vcf",
                "variant_calling/mills_and_1000G.indels.vcf/mills_and_1000G.indels.vcf.gz.tbi"
            ],
            [
                "gatk-base-recalibrator-quality-scores-plot_Pre-recalibration_Count.txt:md5,489af228231ffe43ecbc5877d9bb5b6a",
                "gatk-base-recalibrator-quality-scores-plot_Pre-recalibration_Percent.txt:md5,ee7391c5c8bc1ade5190367c818a7108",
                "multiqc_citations.txt:md5,cf0010a27fe09ed8eabf89422df32550",
                "multiqc_picard_dups.txt:md5,3c2ee70029b964a56b5eb0b2473eb147",
                "multiqc_samtools_idxstats.txt:md5,776a2525b1f9482ef584682efe5241c1",
                "multiqc_star.txt:md5,7e6521313553e98304f39d749df30dc6",
                "picard_MarkIlluminaAdapters_histogram.txt:md5,d41d8cd98f00b204e9800998ecf8427e",
                "picard_MeanQualityByCycle_histogram.txt:md5,d41d8cd98f00b204e9800998ecf8427e",
                "picard_MeanQualityByCycle_histogram_1.txt:md5,d41d8cd98f00b204e9800998ecf8427e",
                "picard_QualityScoreDistribution_histogram.txt:md5,d41d8cd98f00b204e9800998ecf8427e",
                "samtools-idxstats-mapped-reads-plot_Normalised_Counts.txt:md5,c889fc29548ffb38c05964526820b8b6",
                "samtools-idxstats-mapped-reads-plot_Observed_over_Expected_Counts.txt:md5,c889fc29548ffb38c05964526820b8b6",
                "samtools-idxstats-mapped-reads-plot_Raw_Counts.txt:md5,c3f2cf9e3aed7d33c686f1908d198ac1",
                "star_alignment_plot.txt:md5,112fac650331136449a83b6764ec8f1d",
                "star_summary_table.txt:md5,028b492d7fb5104dd0de21be819402aa",
                "GM12878.SJ.out.tab:md5,414fe118e884fddedd742cdac913803d"
            ],
            [
                "GM12878.md.bam:md5,3a9888b45f85aa1d7515e0aad8215923",
                "GM12878.recal.bam:md5,1078c5aa688c49bc1b15aea0801cfe44",
                "GM12878.bam:md5,3a9888b45f85aa1d7515e0aad8215923"
            ],
            "No unstable recal BAM files",
            "No CRAM files",
            [
                "GM12878.haplotypecaller.filtered.vcf.gz:md5,e07e47b682fcfc37b72c7979ba927bb4",
                "GM12878.haplotypecaller.vcf.gz:md5,9e7855f2382cb9fa20cda4e16fa603b3"
            ],
            "No warnings"
        ],
        "meta": {
            "nf-test": "0.9.3",
            "nextflow": "25.10.2"
        },
        "timestamp": "2025-12-16T12:58:36.147585986"
    }
}