{
    "-profile test": {
        "content": [
            41,
            {
                "APPLYBQSR": {
                    "gatk4": "4.6.1.0"
                },
                "CAT_FASTQ": {
                    "cat": 9.5
                },
                "FASTQC": {
                    "fastqc": "0.12.1"
                },
                "GATK4_BASERECALIBRATOR": {
                    "gatk4": "4.6.1.0"
                },
                "GATK4_BEDTOINTERVALLIST": {
                    "gatk4": "4.6.1.0"
                },
                "GATK4_HAPLOTYPECALLER": {
                    "gatk4": "4.6.1.0"
                },
                "GATK4_INTERVALLISTTOOLS": {
                    "gatk4": "4.6.1.0"
                },
                "GATK4_MERGEVCFS": {
                    "gatk4": "4.6.1.0"
                },
                "GATK4_SPLITNCIGARREADS": {
                    "gatk4": "4.6.1.0"
                },
                "GATK4_VARIANTFILTRATION": {
                    "gatk4": "4.6.1.0"
                },
                "PICARD_MARKDUPLICATES": {
                    "picard": "3.3.0"
                },
                "SAMTOOLS_FLAGSTAT": {
                    "samtools": 1.21
                },
                "SAMTOOLS_IDXSTATS": {
                    "samtools": 1.21
                },
                "SAMTOOLS_INDEX": {
                    "samtools": 1.21
                },
                "SAMTOOLS_MERGE": {
                    "samtools": 1.21
                },
                "SAMTOOLS_SORT": {
                    "samtools": 1.21
                },
                "SAMTOOLS_STATS": {
                    "samtools": 1.21
                },
                "STAR_ALIGN": {
                    "gawk": "5.1.0",
                    "samtools": 1.21,
                    "star": "2.7.11b"
                },
                "TABIX": {
                    "tabix": 1.2
                }
            },
            [
                "pipeline_info",
                "pipeline_info/nf_core_rnavar_software_mqc_versions.yml",
                "preprocessing",
                "preprocessing/GM12878",
                "preprocessing/GM12878/GM12878.md.bam",
                "preprocessing/GM12878/GM12878.md.bam.bai",
                "preprocessing/GM12878/GM12878.recal.bam",
                "preprocessing/GM12878/GM12878.recal.bam.bai",
                "reports",
                "reports/multiqc_data",
                "reports/multiqc_data/multiqc.log",
                "reports/multiqc_data/multiqc_citations.txt",
                "reports/multiqc_data/multiqc_data.json",
                "reports/multiqc_data/multiqc_software_versions.txt",
                "reports/multiqc_data/multiqc_sources.txt",
                "reports/multiqc_report.html",
                "reports/stats",
                "reports/stats/GM12878",
                "reports/stats/GM12878/GM12878.flagstat",
                "reports/stats/GM12878/GM12878.stats",
                "reports/stats/GM12878/STAR_log",
                "reports/stats/GM12878/STAR_log/GM12878.Log.final.out",
                "reports/stats/GM12878/STAR_log/GM12878.Log.out",
                "reports/stats/GM12878/STAR_log/GM12878.Log.progress.out",
                "reports/stats/GM12878/STAR_log/GM12878.SJ.out.tab",
                "samtools",
                "samtools/GM12878.bam",
                "samtools/GM12878.bam.bai",
                "variant_calling",
                "variant_calling/GM12878",
                "variant_calling/GM12878/GM12878.haplotypecaller.filtered.vcf.gz",
                "variant_calling/GM12878/GM12878.haplotypecaller.filtered.vcf.gz.tbi",
                "variant_calling/GM12878/GM12878.haplotypecaller.vcf.gz",
                "variant_calling/GM12878/GM12878.haplotypecaller.vcf.gz.tbi"
            ],
            [
                "multiqc_citations.txt:md5,4c806e63a283ec1b7e78cdae3a923d4f",
                "GM12878.flagstat:md5,ed7c4db43f21dfaf1c7fd57549bb3c71",
                "GM12878.stats:md5,2eb6fc4bb82d1d0494c95993b43e3e02",
                "GM12878.Log.final.out:md5,a2b53843d86c0186838083c171dcdb09",
                "GM12878.Log.out:md5,0343cc0a7b75269639ed49fb064f17f3",
                "GM12878.Log.progress.out:md5,c58a73eddf014aa258709baff169a14a",
                "GM12878.SJ.out.tab:md5,414fe118e884fddedd742cdac913803d",
                "GM12878.bam:md5,5798b82205e9708992de623a5435791f",
                "GM12878.bam.bai:md5,09c8c1989034a381acd578b7fed37944"
            ],
            [
                "GM12878.md.bam:md5,3a9888b45f85aa1d7515e0aad8215923",
                "GM12878.recal.bam:md5,1078c5aa688c49bc1b15aea0801cfe44",
                "GM12878.bam:md5,3a9888b45f85aa1d7515e0aad8215923"
            ],
            "No CRAM files",
            [
                "GM12878.haplotypecaller.filtered.vcf.gz:md5,d7724ad12ffb8b5d3a98763e52e20c22",
                "GM12878.haplotypecaller.vcf.gz:md5,cc54a8cbfe0d47239cf12298d5da3b48"
            ]
        ],
        "meta": {
            "nf-test": "0.9.2",
            "nextflow": "25.04.4"
        },
        "timestamp": "2025-06-30T12:04:58.084818245"
    }
}