{
    "Get all files from megatest": {
        "content": [
            [
                "nf_core_rnavar_software_mqc_versions.yml:md5,5199d66266e2eebb2083922dff018570"
            ],
            [
                "multiqc_report.html",
                "pipeline_info/nf_core_rnavar_software_mqc_versions.yml",
                "preprocessing/GM12878_REP1/GM12878_REP1.md.bam",
                "preprocessing/GM12878_REP2/GM12878_REP2.md.bam",
                "preprocessing/H1_REP1/H1_REP1.md.bam",
                "preprocessing/H1_REP2/H1_REP2.md.bam",
                "preprocessing/K562_REP1/K562_REP1.md.bam",
                "preprocessing/K562_REP2/K562_REP2.md.bam",
                "preprocessing/MCF7_REP1/MCF7_REP1.md.bam",
                "preprocessing/MCF7_REP2/MCF7_REP2.md.bam",
                "reports/stats/GM12878_REP1/STAR_log/GM12878_REP1.Log.out",
                "reports/stats/GM12878_REP1/STAR_log/GM12878_REP1.SJ.out.tab",
                "reports/stats/GM12878_REP2/STAR_log/GM12878_REP2.Log.out",
                "reports/stats/GM12878_REP2/STAR_log/GM12878_REP2.SJ.out.tab",
                "reports/stats/H1_REP1/STAR_log/H1_REP1.Log.out",
                "reports/stats/H1_REP1/STAR_log/H1_REP1.SJ.out.tab",
                "reports/stats/H1_REP2/STAR_log/H1_REP2.Log.out",
                "reports/stats/H1_REP2/STAR_log/H1_REP2.SJ.out.tab",
                "reports/stats/K562_REP1/STAR_log/K562_REP1.Log.out",
                "reports/stats/K562_REP2/STAR_log/K562_REP2.Log.out",
                "reports/stats/K562_REP2/STAR_log/K562_REP2.SJ.out.tab",
                "reports/stats/MCF7_REP1/STAR_log/MCF7_REP1.Log.out",
                "reports/stats/MCF7_REP1/STAR_log/MCF7_REP1.SJ.out.tab",
                "reports/stats/MCF7_REP2/STAR_log/MCF7_REP2.Log.out",
                "reports/stats/MCF7_REP2/STAR_log/MCF7_REP2.SJ.out.tab"
            ]
        ],
        "timestamp": "2026-05-22T17:51:37.729750238",
        "meta": {
            "nf-test": "0.9.5",
            "nextflow": "26.04.2"
        }
    }
}