{
    "Test multiple FASTQ files": {
        "content": [
            {
                "CAT_FASTQ": {
                    "cat": 9.5
                },
                "FASTQC": {
                    "fastqc": "0.12.1"
                },
                "GATK4_APPLYBQSR": {
                    "gatk4": "4.6.1.0"
                },
                "GATK4_BASERECALIBRATOR": {
                    "gatk4": "4.6.1.0"
                },
                "GATK4_BEDTOINTERVALLIST": {
                    "gatk4": "4.6.1.0"
                },
                "GATK4_HAPLOTYPECALLER": {
                    "gatk4": "4.6.1.0"
                },
                "GATK4_INTERVALLISTTOOLS": {
                    "gatk4": "4.6.1.0"
                },
                "GATK4_MERGEVCFS": {
                    "gatk4": "4.6.1.0"
                },
                "GATK4_SPLITNCIGARREADS": {
                    "gatk4": "4.6.1.0"
                },
                "GATK4_VARIANTFILTRATION": {
                    "gatk4": "4.6.1.0"
                },
                "GFFREAD": {
                    "gffread": "0.12.7"
                },
                "GTF2BED": {
                    "Rscript": "3.5.1 (2018-07-02)"
                },
                "PICARD_MARKDUPLICATES": {
                    "picard": "3.3.0"
                },
                "REMOVE_UNKNOWN_REGIONS": {
                    "python": "3.8.3"
                },
                "SAMTOOLS_FAIDX": {
                    "samtools": 1.21
                },
                "SAMTOOLS_FLAGSTAT": {
                    "samtools": 1.21
                },
                "SAMTOOLS_IDXSTATS": {
                    "samtools": 1.21
                },
                "SAMTOOLS_INDEX": {
                    "samtools": 1.21
                },
                "SAMTOOLS_MERGE": {
                    "samtools": 1.21
                },
                "SAMTOOLS_SORT": {
                    "samtools": 1.21
                },
                "SAMTOOLS_STATS": {
                    "samtools": 1.21
                },
                "STAR_ALIGN": {
                    "gawk": "5.1.0",
                    "samtools": 1.21,
                    "star": "2.7.11b"
                },
                "STAR_INDEXVERSION": {
                    "gawk": "5.1.0",
                    "samtools": 1.21,
                    "star": "2.7.11b"
                },
                "TABIX": {
                    "tabix": 1.21
                },
                "UNTAR": {
                    "untar": 1.34
                }
            },
            [
                "pipeline_info",
                "pipeline_info/nf_core_rnavar_software_mqc_versions.yml",
                "preprocessing",
                "preprocessing/GM12878",
                "preprocessing/GM12878/GM12878.md.bam",
                "preprocessing/GM12878/GM12878.md.bam.bai",
                "preprocessing/GM12878/GM12878.recal.bam",
                "preprocessing/GM12878/GM12878.recal.bam.bai",
                "preprocessing/GM12879",
                "preprocessing/GM12879/GM12879.md.bam",
                "preprocessing/GM12879/GM12879.md.bam.bai",
                "preprocessing/GM12879/GM12879.recal.bam",
                "preprocessing/GM12879/GM12879.recal.bam.bai",
                "reports",
                "reports/multiqc_data",
                "reports/multiqc_data/BETA-multiqc.parquet",
                "reports/multiqc_data/gatk-base-recalibrator-quality-scores-plot_Pre-recalibration_Count.txt",
                "reports/multiqc_data/gatk-base-recalibrator-quality-scores-plot_Pre-recalibration_Percent.txt",
                "reports/multiqc_data/gatk-base-recalibrator-reported-empirical-plot.txt",
                "reports/multiqc_data/gatk_base_recalibrator.txt",
                "reports/multiqc_data/multiqc.log",
                "reports/multiqc_data/multiqc_citations.txt",
                "reports/multiqc_data/multiqc_data.json",
                "reports/multiqc_data/multiqc_general_stats.txt",
                "reports/multiqc_data/multiqc_picard_dups.txt",
                "reports/multiqc_data/multiqc_samtools_idxstats.txt",
                "reports/multiqc_data/multiqc_software_versions.txt",
                "reports/multiqc_data/multiqc_sources.txt",
                "reports/multiqc_data/multiqc_star.txt",
                "reports/multiqc_data/picard_MarkIlluminaAdapters_histogram.txt",
                "reports/multiqc_data/picard_MeanQualityByCycle_histogram.txt",
                "reports/multiqc_data/picard_QualityScoreDistribution_histogram.txt",
                "reports/multiqc_data/picard_deduplication.txt",
                "reports/multiqc_data/samtools-idxstats-mapped-reads-plot_Normalised_Counts.txt",
                "reports/multiqc_data/samtools-idxstats-mapped-reads-plot_Observed_over_Expected_Counts.txt",
                "reports/multiqc_data/samtools-idxstats-mapped-reads-plot_Raw_Counts.txt",
                "reports/multiqc_data/star_alignment_plot.txt",
                "reports/multiqc_data/star_summary_table.txt",
                "reports/multiqc_plots",
                "reports/multiqc_plots/pdf",
                "reports/multiqc_plots/pdf/gatk-base-recalibrator-quality-scores-plot_Pre-recalibration_Count.pdf",
                "reports/multiqc_plots/pdf/gatk-base-recalibrator-quality-scores-plot_Pre-recalibration_Percent.pdf",
                "reports/multiqc_plots/pdf/gatk-base-recalibrator-reported-empirical-plot.pdf",
                "reports/multiqc_plots/pdf/picard_deduplication-cnt.pdf",
                "reports/multiqc_plots/pdf/picard_deduplication-pct.pdf",
                "reports/multiqc_plots/pdf/samtools-idxstats-mapped-reads-plot_Normalised_Counts-cnt.pdf",
                "reports/multiqc_plots/pdf/samtools-idxstats-mapped-reads-plot_Normalised_Counts-log.pdf",
                "reports/multiqc_plots/pdf/samtools-idxstats-mapped-reads-plot_Observed_over_Expected_Counts-cnt.pdf",
                "reports/multiqc_plots/pdf/samtools-idxstats-mapped-reads-plot_Observed_over_Expected_Counts-log.pdf",
                "reports/multiqc_plots/pdf/samtools-idxstats-mapped-reads-plot_Raw_Counts-cnt.pdf",
                "reports/multiqc_plots/pdf/samtools-idxstats-mapped-reads-plot_Raw_Counts-log.pdf",
                "reports/multiqc_plots/pdf/star_alignment_plot-cnt.pdf",
                "reports/multiqc_plots/pdf/star_alignment_plot-pct.pdf",
                "reports/multiqc_plots/pdf/star_summary_table.pdf",
                "reports/multiqc_plots/png",
                "reports/multiqc_plots/png/gatk-base-recalibrator-quality-scores-plot_Pre-recalibration_Count.png",
                "reports/multiqc_plots/png/gatk-base-recalibrator-quality-scores-plot_Pre-recalibration_Percent.png",
                "reports/multiqc_plots/png/gatk-base-recalibrator-reported-empirical-plot.png",
                "reports/multiqc_plots/png/picard_deduplication-cnt.png",
                "reports/multiqc_plots/png/picard_deduplication-pct.png",
                "reports/multiqc_plots/png/samtools-idxstats-mapped-reads-plot_Normalised_Counts-cnt.png",
                "reports/multiqc_plots/png/samtools-idxstats-mapped-reads-plot_Normalised_Counts-log.png",
                "reports/multiqc_plots/png/samtools-idxstats-mapped-reads-plot_Observed_over_Expected_Counts-cnt.png",
                "reports/multiqc_plots/png/samtools-idxstats-mapped-reads-plot_Observed_over_Expected_Counts-log.png",
                "reports/multiqc_plots/png/samtools-idxstats-mapped-reads-plot_Raw_Counts-cnt.png",
                "reports/multiqc_plots/png/samtools-idxstats-mapped-reads-plot_Raw_Counts-log.png",
                "reports/multiqc_plots/png/star_alignment_plot-cnt.png",
                "reports/multiqc_plots/png/star_alignment_plot-pct.png",
                "reports/multiqc_plots/png/star_summary_table.png",
                "reports/multiqc_plots/svg",
                "reports/multiqc_plots/svg/gatk-base-recalibrator-quality-scores-plot_Pre-recalibration_Count.svg",
                "reports/multiqc_plots/svg/gatk-base-recalibrator-quality-scores-plot_Pre-recalibration_Percent.svg",
                "reports/multiqc_plots/svg/gatk-base-recalibrator-reported-empirical-plot.svg",
                "reports/multiqc_plots/svg/picard_deduplication-cnt.svg",
                "reports/multiqc_plots/svg/picard_deduplication-pct.svg",
                "reports/multiqc_plots/svg/samtools-idxstats-mapped-reads-plot_Normalised_Counts-cnt.svg",
                "reports/multiqc_plots/svg/samtools-idxstats-mapped-reads-plot_Normalised_Counts-log.svg",
                "reports/multiqc_plots/svg/samtools-idxstats-mapped-reads-plot_Observed_over_Expected_Counts-cnt.svg",
                "reports/multiqc_plots/svg/samtools-idxstats-mapped-reads-plot_Observed_over_Expected_Counts-log.svg",
                "reports/multiqc_plots/svg/samtools-idxstats-mapped-reads-plot_Raw_Counts-cnt.svg",
                "reports/multiqc_plots/svg/samtools-idxstats-mapped-reads-plot_Raw_Counts-log.svg",
                "reports/multiqc_plots/svg/star_alignment_plot-cnt.svg",
                "reports/multiqc_plots/svg/star_alignment_plot-pct.svg",
                "reports/multiqc_plots/svg/star_summary_table.svg",
                "reports/multiqc_report.html",
                "reports/stats",
                "reports/stats/GM12878",
                "reports/stats/GM12878/GM12878.flagstat",
                "reports/stats/GM12878/GM12878.stats",
                "reports/stats/GM12878/STAR_log",
                "reports/stats/GM12878/STAR_log/GM12878.Log.final.out",
                "reports/stats/GM12878/STAR_log/GM12878.Log.out",
                "reports/stats/GM12878/STAR_log/GM12878.Log.progress.out",
                "reports/stats/GM12878/STAR_log/GM12878.SJ.out.tab",
                "reports/stats/GM12879",
                "reports/stats/GM12879/GM12879.flagstat",
                "reports/stats/GM12879/GM12879.stats",
                "reports/stats/GM12879/STAR_log",
                "reports/stats/GM12879/STAR_log/GM12879.Log.final.out",
                "reports/stats/GM12879/STAR_log/GM12879.Log.out",
                "reports/stats/GM12879/STAR_log/GM12879.Log.progress.out",
                "reports/stats/GM12879/STAR_log/GM12879.SJ.out.tab",
                "samtools",
                "samtools/GM12878.bam",
                "samtools/GM12878.bam.bai",
                "samtools/GM12879.bam",
                "samtools/GM12879.bam.bai",
                "variant_calling",
                "variant_calling/GM12878",
                "variant_calling/GM12878/GM12878.haplotypecaller.filtered.vcf.gz",
                "variant_calling/GM12878/GM12878.haplotypecaller.filtered.vcf.gz.tbi",
                "variant_calling/GM12878/GM12878.haplotypecaller.vcf.gz",
                "variant_calling/GM12878/GM12878.haplotypecaller.vcf.gz.tbi",
                "variant_calling/GM12879",
                "variant_calling/GM12879/GM12879.haplotypecaller.filtered.vcf.gz",
                "variant_calling/GM12879/GM12879.haplotypecaller.filtered.vcf.gz.tbi",
                "variant_calling/GM12879/GM12879.haplotypecaller.vcf.gz",
                "variant_calling/GM12879/GM12879.haplotypecaller.vcf.gz.tbi"
            ],
            [
                "gatk-base-recalibrator-quality-scores-plot_Pre-recalibration_Count.txt:md5,f448601fce67fd63c4f68c04cc4e3e9c",
                "gatk-base-recalibrator-quality-scores-plot_Pre-recalibration_Percent.txt:md5,036f3561ccf15f16a172fcc263cc172f",
                "multiqc_citations.txt:md5,cf0010a27fe09ed8eabf89422df32550",
                "multiqc_picard_dups.txt:md5,b6168b2b8ac759da4f2f61e9951636ed",
                "multiqc_samtools_idxstats.txt:md5,07909b1c9da9032a36c3730ce094ed12",
                "multiqc_star.txt:md5,53911f764a448d2d6f8ded0e8663f6e9",
                "picard_MarkIlluminaAdapters_histogram.txt:md5,d41d8cd98f00b204e9800998ecf8427e",
                "picard_MeanQualityByCycle_histogram.txt:md5,d41d8cd98f00b204e9800998ecf8427e",
                "picard_QualityScoreDistribution_histogram.txt:md5,d41d8cd98f00b204e9800998ecf8427e",
                "samtools-idxstats-mapped-reads-plot_Normalised_Counts.txt:md5,c25a797d7443345e139cf7316549e91b",
                "samtools-idxstats-mapped-reads-plot_Observed_over_Expected_Counts.txt:md5,c25a797d7443345e139cf7316549e91b",
                "samtools-idxstats-mapped-reads-plot_Raw_Counts.txt:md5,172359c5b64240c1039d8b7d67ba04ab",
                "star_alignment_plot.txt:md5,cc231d33ca6537f3f62f9c14fed9b75d",
                "star_summary_table.txt:md5,07f02b433c41ff49ed19968beff03de3",
                "GM12878.SJ.out.tab:md5,414fe118e884fddedd742cdac913803d",
                "GM12879.SJ.out.tab:md5,37bfb1926b12f3585db23a2b86e6f59e"
            ],
            [
                "GM12878.md.bam:md5,3a9888b45f85aa1d7515e0aad8215923",
                "GM12879.md.bam:md5,2690897603f3c9bc4c1deda3e216197c",
                "GM12878.bam:md5,3a9888b45f85aa1d7515e0aad8215923",
                "GM12879.bam:md5,2690897603f3c9bc4c1deda3e216197c"
            ],
            "No CRAM files",
            [
                "GM12878.haplotypecaller.filtered.vcf.gz:md5,d7724ad12ffb8b5d3a98763e52e20c22",
                "GM12878.haplotypecaller.vcf.gz:md5,cc54a8cbfe0d47239cf12298d5da3b48",
                "GM12879.haplotypecaller.filtered.vcf.gz:md5,4dea749242a5e53787b805b82c813c1e",
                "GM12879.haplotypecaller.vcf.gz:md5,46f85ad9632e760add202f9affcf04d8"
            ]
        ],
        "meta": {
            "nf-test": "0.9.2",
            "nextflow": "25.04.6"
        },
        "timestamp": "2025-07-07T18:52:14.584281096"
    },
    "Test multiple FASTQ files pair end": {
        "content": [
            {
                "CAT_FASTQ": {
                    "cat": 9.5
                },
                "FASTQC": {
                    "fastqc": "0.12.1"
                },
                "GATK4_APPLYBQSR": {
                    "gatk4": "4.6.1.0"
                },
                "GATK4_BASERECALIBRATOR": {
                    "gatk4": "4.6.1.0"
                },
                "GATK4_BEDTOINTERVALLIST": {
                    "gatk4": "4.6.1.0"
                },
                "GATK4_HAPLOTYPECALLER": {
                    "gatk4": "4.6.1.0"
                },
                "GATK4_INTERVALLISTTOOLS": {
                    "gatk4": "4.6.1.0"
                },
                "GATK4_MERGEVCFS": {
                    "gatk4": "4.6.1.0"
                },
                "GATK4_SPLITNCIGARREADS": {
                    "gatk4": "4.6.1.0"
                },
                "GATK4_VARIANTFILTRATION": {
                    "gatk4": "4.6.1.0"
                },
                "GFFREAD": {
                    "gffread": "0.12.7"
                },
                "GTF2BED": {
                    "Rscript": "3.5.1 (2018-07-02)"
                },
                "PICARD_MARKDUPLICATES": {
                    "picard": "3.3.0"
                },
                "REMOVE_UNKNOWN_REGIONS": {
                    "python": "3.8.3"
                },
                "SAMTOOLS_FAIDX": {
                    "samtools": 1.21
                },
                "SAMTOOLS_FLAGSTAT": {
                    "samtools": 1.21
                },
                "SAMTOOLS_IDXSTATS": {
                    "samtools": 1.21
                },
                "SAMTOOLS_INDEX": {
                    "samtools": 1.21
                },
                "SAMTOOLS_MERGE": {
                    "samtools": 1.21
                },
                "SAMTOOLS_SORT": {
                    "samtools": 1.21
                },
                "SAMTOOLS_STATS": {
                    "samtools": 1.21
                },
                "STAR_ALIGN": {
                    "gawk": "5.1.0",
                    "samtools": 1.21,
                    "star": "2.7.11b"
                },
                "STAR_INDEXVERSION": {
                    "gawk": "5.1.0",
                    "samtools": 1.21,
                    "star": "2.7.11b"
                },
                "TABIX": {
                    "tabix": 1.21
                },
                "UNTAR": {
                    "untar": 1.34
                }
            },
            [
                "pipeline_info",
                "pipeline_info/nf_core_rnavar_software_mqc_versions.yml",
                "preprocessing",
                "preprocessing/test",
                "preprocessing/test/test.md.bam",
                "preprocessing/test/test.md.bam.bai",
                "preprocessing/test/test.recal.bam",
                "preprocessing/test/test.recal.bam.bai",
                "reports",
                "reports/multiqc_data",
                "reports/multiqc_data/BETA-multiqc.parquet",
                "reports/multiqc_data/gatk-base-recalibrator-quality-scores-plot_Pre-recalibration_Count.txt",
                "reports/multiqc_data/gatk-base-recalibrator-quality-scores-plot_Pre-recalibration_Percent.txt",
                "reports/multiqc_data/gatk-base-recalibrator-reported-empirical-plot.txt",
                "reports/multiqc_data/gatk_base_recalibrator.txt",
                "reports/multiqc_data/multiqc.log",
                "reports/multiqc_data/multiqc_citations.txt",
                "reports/multiqc_data/multiqc_data.json",
                "reports/multiqc_data/multiqc_general_stats.txt",
                "reports/multiqc_data/multiqc_samtools_idxstats.txt",
                "reports/multiqc_data/multiqc_software_versions.txt",
                "reports/multiqc_data/multiqc_sources.txt",
                "reports/multiqc_data/multiqc_star.txt",
                "reports/multiqc_data/picard_MarkIlluminaAdapters_histogram.txt",
                "reports/multiqc_data/picard_MeanQualityByCycle_histogram.txt",
                "reports/multiqc_data/picard_QualityScoreDistribution_histogram.txt",
                "reports/multiqc_data/star_alignment_plot.txt",
                "reports/multiqc_data/star_summary_table.txt",
                "reports/multiqc_plots",
                "reports/multiqc_plots/pdf",
                "reports/multiqc_plots/pdf/gatk-base-recalibrator-quality-scores-plot_Pre-recalibration_Count.pdf",
                "reports/multiqc_plots/pdf/gatk-base-recalibrator-quality-scores-plot_Pre-recalibration_Percent.pdf",
                "reports/multiqc_plots/pdf/gatk-base-recalibrator-reported-empirical-plot.pdf",
                "reports/multiqc_plots/pdf/star_alignment_plot-cnt.pdf",
                "reports/multiqc_plots/pdf/star_alignment_plot-pct.pdf",
                "reports/multiqc_plots/pdf/star_summary_table.pdf",
                "reports/multiqc_plots/png",
                "reports/multiqc_plots/png/gatk-base-recalibrator-quality-scores-plot_Pre-recalibration_Count.png",
                "reports/multiqc_plots/png/gatk-base-recalibrator-quality-scores-plot_Pre-recalibration_Percent.png",
                "reports/multiqc_plots/png/gatk-base-recalibrator-reported-empirical-plot.png",
                "reports/multiqc_plots/png/star_alignment_plot-cnt.png",
                "reports/multiqc_plots/png/star_alignment_plot-pct.png",
                "reports/multiqc_plots/png/star_summary_table.png",
                "reports/multiqc_plots/svg",
                "reports/multiqc_plots/svg/gatk-base-recalibrator-quality-scores-plot_Pre-recalibration_Count.svg",
                "reports/multiqc_plots/svg/gatk-base-recalibrator-quality-scores-plot_Pre-recalibration_Percent.svg",
                "reports/multiqc_plots/svg/gatk-base-recalibrator-reported-empirical-plot.svg",
                "reports/multiqc_plots/svg/star_alignment_plot-cnt.svg",
                "reports/multiqc_plots/svg/star_alignment_plot-pct.svg",
                "reports/multiqc_plots/svg/star_summary_table.svg",
                "reports/multiqc_report.html",
                "reports/stats",
                "reports/stats/test",
                "reports/stats/test/STAR_log",
                "reports/stats/test/STAR_log/test.Log.final.out",
                "reports/stats/test/STAR_log/test.Log.out",
                "reports/stats/test/STAR_log/test.Log.progress.out",
                "reports/stats/test/STAR_log/test.SJ.out.tab",
                "reports/stats/test/test.flagstat",
                "reports/stats/test/test.stats",
                "samtools",
                "samtools/test.bam",
                "samtools/test.bam.bai",
                "variant_calling",
                "variant_calling/test",
                "variant_calling/test/test.haplotypecaller.filtered.vcf.gz",
                "variant_calling/test/test.haplotypecaller.filtered.vcf.gz.tbi",
                "variant_calling/test/test.haplotypecaller.vcf.gz",
                "variant_calling/test/test.haplotypecaller.vcf.gz.tbi"
            ],
            [
                "gatk-base-recalibrator-quality-scores-plot_Pre-recalibration_Count.txt:md5,77fbd138f73a90b64f14b22f0a2cb523",
                "gatk-base-recalibrator-quality-scores-plot_Pre-recalibration_Percent.txt:md5,77fbd138f73a90b64f14b22f0a2cb523",
                "multiqc_citations.txt:md5,cf0010a27fe09ed8eabf89422df32550",
                "multiqc_samtools_idxstats.txt:md5,186dc26b2f2d500dacee70b0d3885b37",
                "multiqc_star.txt:md5,133a2e0901345e316efc3ad85a90e257",
                "picard_MarkIlluminaAdapters_histogram.txt:md5,d41d8cd98f00b204e9800998ecf8427e",
                "picard_MeanQualityByCycle_histogram.txt:md5,d41d8cd98f00b204e9800998ecf8427e",
                "picard_QualityScoreDistribution_histogram.txt:md5,d41d8cd98f00b204e9800998ecf8427e",
                "star_alignment_plot.txt:md5,c06d6572355da3f2bc3418d56fc2b4e9",
                "star_summary_table.txt:md5,e05b9c5b2ef4347744de72b79b27b7a6",
                "test.SJ.out.tab:md5,d41d8cd98f00b204e9800998ecf8427e"
            ],
            [
                "test.md.bam:md5,d41d8cd98f00b204e9800998ecf8427e",
                "test.bam:md5,d41d8cd98f00b204e9800998ecf8427e"
            ],
            "No CRAM files",
            [
                "test.haplotypecaller.filtered.vcf.gz:md5,d41d8cd98f00b204e9800998ecf8427e",
                "test.haplotypecaller.vcf.gz:md5,d41d8cd98f00b204e9800998ecf8427e"
            ]
        ],
        "meta": {
            "nf-test": "0.9.2",
            "nextflow": "25.04.6"
        },
        "timestamp": "2025-07-07T18:54:42.139419179"
    }
}