{
    "all": {
        "content": [
            {
                "bcfann": [
                    [
                        "/nf-core/test-datasets/modules/data/genomics/sarscov2/illumina/vcf/test2.vcf.gz"
                    ]
                ],
                "bcfann_tbi": [
                    [
                        "test2.vcf.gz.tbi:md5,1c72e6c201bef5fc089011bd354d1df8"
                    ]
                ],
                "dbsnp": [
                    [
                        {
                            "id": "test.rnaseq"
                        },
                        "test.rnaseq.vcf.gz:md5,1bb8724dcbe6fa3101a814c0be51d1ea"
                    ]
                ],
                "dbsnp_tbi": [
                    [
                        {
                            "id": "test.rnaseq"
                        },
                        "test.rnaseq.vcf.gz.tbi:md5,747c6529930c04120f367110a9ea5e63"
                    ]
                ],
                "dict": [
                    [
                        {
                            "id": "genome"
                        },
                        "/nf-core/test-datasets/rnavar/data/genomics/homo_sapiens/genome/genome.dict"
                    ]
                ],
                "exon_bed": [
                    [
                        {
                            "id": "genome"
                        },
                        "/nf-core/test-datasets/modules/data/genomics/homo_sapiens/genome/genome.bed"
                    ]
                ],
                "fasta": [
                    [
                        {
                            "id": "genome"
                        },
                        "/nf-core/test-datasets/rnavar/data/genomics/homo_sapiens/genome/genome.fasta"
                    ]
                ],
                "fasta_fai": [
                    [
                        {
                            "id": "genome.fasta"
                        },
                        "/nf-core/test-datasets/rnavar/data/genomics/homo_sapiens/genome/genome.fasta.fai"
                    ]
                ],
                "gtf": [
                    [
                        {
                            "id": "genome"
                        },
                        "/nf-core/test-datasets/rnavar/data/genomics/homo_sapiens/genome/genome.gtf"
                    ]
                ],
                "known_indels": [
                    [
                        {
                            "id": "test.rnaseq.vcf"
                        },
                        "/nf-core/test-datasets/modules/data/genomics/homo_sapiens/illumina/vcf/test.rnaseq.vcf.gz",
                        {
                            "id": "test2.vcf"
                        },
                        "/nf-core/test-datasets/modules/data/genomics/sarscov2/illumina/vcf/test2.vcf.gz"
                    ]
                ],
                "known_indels_tbi": [
                    [
                        {
                            "id": "test.rnaseq.vcf"
                        },
                        "test.rnaseq.vcf.gz.tbi:md5,94343174c18f22b10529fcb4d176fe0a",
                        {
                            "id": "test2.vcf"
                        },
                        "test2.vcf.gz.tbi:md5,1c72e6c201bef5fc089011bd354d1df8"
                    ]
                ],
                "known_sites": [
                    [
                        {
                            "id": "known_sites"
                        },
                        [
                            "/nf-core/test-datasets/modules/data/genomics/homo_sapiens/illumina/vcf/test.rnaseq.vcf.gz"
                        ],
                        {
                            "id": "known_sites"
                        },
                        [
                            "/nf-core/test-datasets/modules/data/genomics/sarscov2/illumina/vcf/test2.vcf.gz"
                        ]
                    ]
                ],
                "known_sites_tbi": [
                    [
                        {
                            "id": "known_sites"
                        },
                        [
                            "test.rnaseq.vcf.gz.tbi:md5,94343174c18f22b10529fcb4d176fe0a"
                        ],
                        {
                            "id": "known_sites"
                        },
                        [
                            "test2.vcf.gz.tbi:md5,1c72e6c201bef5fc089011bd354d1df8"
                        ]
                    ]
                ],
                "star_index": [
                    [
                        {
                            "id": "star"
                        },
                        "star"
                    ]
                ],
                "versions": [
                    "versions.yml:md5,3c6fc57c4c3bf7b143933b0b89ab0386",
                    "versions.yml:md5,7263c03ca9c7d18bc40fc8d27a5936fa",
                    "versions.yml:md5,96821d80d1ae1744552ce21ab7086b47",
                    "versions.yml:md5,96821d80d1ae1744552ce21ab7086b47",
                    "versions.yml:md5,a82353f8a33715eb11949d1751e222f5",
                    "versions.yml:md5,e1ae3c4313a36fcd13e867ddc4ee45aa"
                ]
            }
        ],
        "meta": {
            "nf-test": "0.9.3",
            "nextflow": "25.04.8"
        },
        "timestamp": "2025-10-16T15:54:05.069356735"
    },
    "only essentials": {
        "content": [
            {
                "bcfann": [
                    [
                        
                    ]
                ],
                "bcfann_tbi": [
                    [
                        
                    ]
                ],
                "dbsnp": [
                    [
                        {
                            "id": null
                        },
                        [
                            
                        ]
                    ]
                ],
                "dbsnp_tbi": [
                    [
                        {
                            "id": null
                        },
                        [
                            
                        ]
                    ]
                ],
                "dict": [
                    [
                        {
                            "id": "genome"
                        },
                        "genome.dict:md5,2433fe2ba31257337bf4c4bd4cb8da15"
                    ]
                ],
                "exon_bed": [
                    [
                        {
                            "id": "genome"
                        },
                        "exome.bed:md5,17192418c24c524881e7d970f94a4a26"
                    ]
                ],
                "fasta": [
                    [
                        {
                            "id": "genome"
                        },
                        "/nf-core/test-datasets/rnavar/data/genomics/homo_sapiens/genome/genome.fasta"
                    ]
                ],
                "fasta_fai": [
                    [
                        {
                            "id": "genome"
                        },
                        "genome.fasta.fai:md5,3520cd30e1b100e55f578db9c855f685"
                    ]
                ],
                "gtf": [
                    [
                        {
                            "id": "genome"
                        },
                        "/nf-core/test-datasets/rnavar/data/genomics/homo_sapiens/genome/genome.gtf"
                    ]
                ],
                "known_indels": [
                    [
                        {
                            "id": null
                        },
                        [
                            
                        ]
                    ]
                ],
                "known_indels_tbi": [
                    [
                        {
                            "id": null
                        },
                        [
                            
                        ]
                    ]
                ],
                "known_sites": [
                    [
                        {
                            "id": "known_sites"
                        },
                        [
                            
                        ]
                    ]
                ],
                "known_sites_tbi": [
                    [
                        {
                            "id": "known_sites"
                        },
                        [
                            
                        ]
                    ]
                ],
                "star_index": [
                    
                ],
                "versions": [
                    "versions.yml:md5,265795dcfabc74e982198a30abb773d5",
                    "versions.yml:md5,3c6fc57c4c3bf7b143933b0b89ab0386",
                    "versions.yml:md5,7303f194674b485c6914e28422822a12"
                ]
            }
        ],
        "meta": {
            "nf-test": "0.9.3",
            "nextflow": "25.04.8"
        },
        "timestamp": "2025-10-16T15:53:55.479492587"
    }
}