{
    "all": {
        "content": [
            {
                "bcfann": [
                    [
                        "test.rnaseq.vcf.gz:md5,1bb8724dcbe6fa3101a814c0be51d1ea"
                    ]
                ],
                "bcfann_tbi": [
                    [
                        "test.rnaseq.vcf.gz.tbi:md5,747c6529930c04120f367110a9ea5e63"
                    ]
                ],
                "dbsnp": [
                    "dbsnp_146.hg38.vcf.gz:md5,fae4a5bacf0890222cf0b4489ddbe082"
                ],
                "dbsnp_tbi": [
                    "dbsnp_146.hg38.vcf.gz.tbi:md5,628232d0c870f2dbf73c3e81aff7b4b4"
                ],
                "dict": [
                    [
                        {
                            "id": "genome"
                        },
                        "/nf-core/test-datasets/rnavar/data/genomics/homo_sapiens/genome/genome.dict"
                    ]
                ],
                "exon_bed": [
                    [
                        {
                            "id": "genome"
                        },
                        "/nf-core/test-datasets/modules/data/genomics/homo_sapiens/genome/genome.bed"
                    ]
                ],
                "fasta": [
                    [
                        {
                            "id": "genome"
                        },
                        "/nf-core/test-datasets/rnavar/data/genomics/homo_sapiens/genome/genome.fasta"
                    ]
                ],
                "fasta_fai": [
                    [
                        {
                            "id": "genome"
                        },
                        "/nf-core/test-datasets/rnavar/data/genomics/homo_sapiens/genome/genome.fasta.fai"
                    ]
                ],
                "gtf": [
                    [
                        {
                            "id": "genome"
                        },
                        "/nf-core/test-datasets/rnavar/data/genomics/homo_sapiens/genome/genome.gtf"
                    ]
                ],
                "known_indels": [
                    "gnomAD.r2.1.1.vcf.gz:md5,66e20be27a73e6b613e92efdf7f55760",
                    "mills_and_1000G.indels.vcf.gz:md5,c927d0ea9874351adf9dceea48d6080e"
                ],
                "known_indels_tbi": [
                    "gnomAD.r2.1.1.vcf.gz.tbi:md5,d95bc4bd1eee441d13ed99f0f3d501f8",
                    "mills_and_1000G.indels.vcf.gz.tbi:md5,1bb7ab8f22eb798efd796439d3b29b7a"
                ],
                "known_sites": [
                    "dbsnp_146.hg38.vcf.gz:md5,fae4a5bacf0890222cf0b4489ddbe082",
                    "gnomAD.r2.1.1.vcf.gz:md5,66e20be27a73e6b613e92efdf7f55760",
                    "mills_and_1000G.indels.vcf.gz:md5,c927d0ea9874351adf9dceea48d6080e"
                ],
                "known_sites_tbi": [
                    "dbsnp_146.hg38.vcf.gz.tbi:md5,628232d0c870f2dbf73c3e81aff7b4b4",
                    "gnomAD.r2.1.1.vcf.gz.tbi:md5,d95bc4bd1eee441d13ed99f0f3d501f8",
                    "mills_and_1000G.indels.vcf.gz.tbi:md5,1bb7ab8f22eb798efd796439d3b29b7a"
                ],
                "star_index": [
                    [
                        [
                            "Genome",
                            "Log.out",
                            "SA",
                            "SAindex",
                            "chrLength.txt",
                            "chrName.txt",
                            "chrNameLength.txt",
                            "chrStart.txt",
                            "exonGeTrInfo.tab",
                            "exonInfo.tab",
                            "geneInfo.tab",
                            "genomeParameters.txt",
                            "sjdbInfo.txt",
                            "sjdbList.fromGTF.out.tab",
                            "sjdbList.out.tab",
                            "transcriptInfo.tab"
                        ]
                    ]
                ]
            }
        ],
        "timestamp": "2026-06-02T11:58:33.111038848",
        "meta": {
            "nf-test": "0.9.5",
            "nextflow": "26.04.3"
        }
    },
    "only essentials": {
        "content": [
            {
                "dict": [
                    [
                        {
                            "id": "genome"
                        },
                        "genome.dict:md5,2433fe2ba31257337bf4c4bd4cb8da15"
                    ]
                ],
                "exon_bed": [
                    [
                        {
                            "id": "genome"
                        },
                        "genome.exon.bed:md5,17192418c24c524881e7d970f94a4a26"
                    ]
                ],
                "fasta": [
                    [
                        {
                            "id": "genome"
                        },
                        "/nf-core/test-datasets/rnavar/data/genomics/homo_sapiens/genome/genome.fasta"
                    ]
                ],
                "fasta_fai": [
                    [
                        {
                            "id": "genome"
                        },
                        "genome.fasta.fai:md5,3520cd30e1b100e55f578db9c855f685"
                    ]
                ],
                "gtf": [
                    [
                        {
                            "id": "genome"
                        },
                        "/nf-core/test-datasets/rnavar/data/genomics/homo_sapiens/genome/genome.gtf"
                    ]
                ]
            }
        ],
        "timestamp": "2026-05-27T13:05:19.810958709",
        "meta": {
            "nf-test": "0.9.5",
            "nextflow": "26.04.2"
        }
    }
}