{
    "bed+dict - stub": {
        "content": [
            {
                "bed": [
                    [
                        {
                            "id": "exon_bed"
                        },
                        "exon_bed.exon.bed:md5,d41d8cd98f00b204e9800998ecf8427e"
                    ]
                ],
                "versions_python": [
                    [
                        "REMOVE_UNKNOWN_REGIONS",
                        "python",
                        "3.8.3"
                    ]
                ]
            }
        ],
        "meta": {
            "nf-test": "0.9.3",
            "nextflow": "25.04.8"
        },
        "timestamp": "2025-10-16T15:27:48.270012022"
    },
    "bed+dict": {
        "content": [
            {
                "bed": [
                    [
                        {
                            "id": "exon_bed"
                        },
                        "exon_bed.exon.bed:md5,87a15eb9c2ff20ccd5cd8735a28708f7"
                    ]
                ],
                "versions_python": [
                    [
                        "REMOVE_UNKNOWN_REGIONS",
                        "python",
                        "3.8.3"
                    ]
                ]
            }
        ],
        "meta": {
            "nf-test": "0.9.3",
            "nextflow": "25.04.8"
        },
        "timestamp": "2025-10-16T15:27:39.211935007"
    }
}