{
    "Should run without failures - stub": {
        "content": [
            {
                "0": [
                    [
                        {
                            "id": "exon_bed"
                        },
                        "exon_bed.exon.bed:md5,d41d8cd98f00b204e9800998ecf8427e"
                    ]
                ],
                "1": [
                    [
                        "REMOVE_UNKNOWN_REGIONS",
                        "python",
                        "3.8.3"
                    ]
                ],
                "bed": [
                    [
                        {
                            "id": "exon_bed"
                        },
                        "exon_bed.exon.bed:md5,d41d8cd98f00b204e9800998ecf8427e"
                    ]
                ]
            }
        ],
        "meta": {
            "nf-test": "0.9.2",
            "nextflow": "25.04.6"
        },
        "timestamp": "2025-08-28T17:42:51.285676674"
    },
    "Should run without failures": {
        "content": [
            {
                "0": [
                    [
                        {
                            "id": "exon_bed"
                        },
                        "exon_bed.exon.bed:md5,87a15eb9c2ff20ccd5cd8735a28708f7"
                    ]
                ],
                "1": [
                    [
                        "REMOVE_UNKNOWN_REGIONS",
                        "python",
                        "3.8.3"
                    ]
                ],
                "bed": [
                    [
                        {
                            "id": "exon_bed"
                        },
                        "exon_bed.exon.bed:md5,87a15eb9c2ff20ccd5cd8735a28708f7"
                    ]
                ]
            }
        ],
        "meta": {
            "nf-test": "0.9.2",
            "nextflow": "25.04.6"
        },
        "timestamp": "2025-08-28T17:42:39.744673623"
    }
}