{
    "cram": {
        "content": [
            {
                "bam_bai": [
                    [
                        "test.bam:md5sum,67daadcc078bb45be360e1f2af46a8e5",
                        "test.bam.bai"
                    ]
                ]
            }
        ],
        "timestamp": "2026-02-06T12:43:34.214430422",
        "meta": {
            "nf-test": "0.9.3",
            "nextflow": "25.10.3"
        }
    },
    "no_intervals": {
        "content": [
            {
                "bam_bai": [
                    [
                        "test.bam:md5sum,7ebc60b3ccddb8489781f46522bc5da1",
                        "test.bam.bai"
                    ]
                ]
            }
        ],
        "timestamp": "2026-02-06T12:43:54.063339805",
        "meta": {
            "nf-test": "0.9.3",
            "nextflow": "25.10.3"
        }
    },
    "bam": {
        "content": [
            {
                "bam_bai": [
                    [
                        "test.bam:md5sum,67daadcc078bb45be360e1f2af46a8e5",
                        "test.bam.bai"
                    ]
                ]
            }
        ],
        "timestamp": "2026-02-06T12:43:08.927612687",
        "meta": {
            "nf-test": "0.9.3",
            "nextflow": "25.10.3"
        }
    }
}