{
    "cram": {
        "content": [
            {
                "bam_bai": [
                    [
                        {
                            "groupSize": 2,
                            "groupTarget": {
                                "id": "test"
                            }
                        },
                        "test.bam",
                        "test.bam.bai"
                    ]
                ],
                "versions": [
                    "versions.yml:md5,52ea2bcf303abe4dc03ce08ccce5b65c",
                    "versions.yml:md5,7809d5e62a9a71923012f7d06dc7a0fb",
                    "versions.yml:md5,7809d5e62a9a71923012f7d06dc7a0fb",
                    "versions.yml:md5,f2707dd02aa42f4f8154476966707508"
                ]
            }
        ],
        "meta": {
            "nf-test": "0.9.3",
            "nextflow": "25.04.8"
        },
        "timestamp": "2025-10-16T15:59:24.341343336"
    },
    "no_intervals": {
        "content": [
            {
                "bam_bai": [
                    [
                        {
                            "groupSize": 0,
                            "groupTarget": {
                                "id": "test"
                            }
                        },
                        "test.bam:md5,4442c40c11b93434206dde8207f8486f",
                        "test.bam.bai:md5,53f3529b465ba73c86cc87d18fd0700a"
                    ]
                ],
                "versions": [
                    "versions.yml:md5,52ea2bcf303abe4dc03ce08ccce5b65c",
                    "versions.yml:md5,7809d5e62a9a71923012f7d06dc7a0fb",
                    "versions.yml:md5,f2707dd02aa42f4f8154476966707508"
                ]
            }
        ],
        "meta": {
            "nf-test": "0.9.3",
            "nextflow": "25.04.8"
        },
        "timestamp": "2025-10-16T15:59:41.554834625"
    },
    "bam": {
        "content": [
            {
                "bam_bai": [
                    [
                        {
                            "groupSize": 2,
                            "groupTarget": {
                                "id": "test"
                            }
                        },
                        "test.bam",
                        "test.bam.bai"
                    ]
                ],
                "versions": [
                    "versions.yml:md5,52ea2bcf303abe4dc03ce08ccce5b65c",
                    "versions.yml:md5,7809d5e62a9a71923012f7d06dc7a0fb",
                    "versions.yml:md5,7809d5e62a9a71923012f7d06dc7a0fb",
                    "versions.yml:md5,f2707dd02aa42f4f8154476966707508"
                ]
            }
        ],
        "meta": {
            "nf-test": "0.9.3",
            "nextflow": "25.04.8"
        },
        "timestamp": "2025-10-16T15:59:04.823937452"
    }
}